Archive member included to satisfy reference by file (symbol)

C:/Users/Vishwas/ON_Semiconductor/PACK/ONSemiconductor/BDK/1.12.1/source/firmware/Components/BSEC_1.4.7.1_Generic_Release_20180907/algo/bin/Normal_version/gcc/Cortex_M3/libalgobsec.a(bsec_interface.o)
                              ./RTE/Board_Support/BSEC_ENV.o (bsec_init)
C:/Users/Vishwas/ON_Semiconductor/PACK/ONSemiconductor/BDK/1.12.1/source/firmware/Components/BSEC_1.4.7.1_Generic_Release_20180907/algo/bin/Normal_version/gcc/Cortex_M3/libalgobsec.a(bsec_codegen_do_steps.o)
                              C:/Users/Vishwas/ON_Semiconductor/PACK/ONSemiconductor/BDK/1.12.1/source/firmware/Components/BSEC_1.4.7.1_Generic_Release_20180907/algo/bin/Normal_version/gcc/Cortex_M3/libalgobsec.a(bsec_interface.o) (bsec_codegen_do_steps)
C:/Users/Vishwas/ON_Semiconductor/PACK/ONSemiconductor/BDK/1.12.1/source/firmware/Components/BSEC_1.4.7.1_Generic_Release_20180907/algo/bin/Normal_version/gcc/Cortex_M3/libalgobsec.a(bsec_codegen_get_configuration.o)
                              C:/Users/Vishwas/ON_Semiconductor/PACK/ONSemiconductor/BDK/1.12.1/source/firmware/Components/BSEC_1.4.7.1_Generic_Release_20180907/algo/bin/Normal_version/gcc/Cortex_M3/libalgobsec.a(bsec_interface.o) (bsec_codegen_get_configuration)
C:/Users/Vishwas/ON_Semiconductor/PACK/ONSemiconductor/BDK/1.12.1/source/firmware/Components/BSEC_1.4.7.1_Generic_Release_20180907/algo/bin/Normal_version/gcc/Cortex_M3/libalgobsec.a(bsec_codegen_get_state.o)
                              C:/Users/Vishwas/ON_Semiconductor/PACK/ONSemiconductor/BDK/1.12.1/source/firmware/Components/BSEC_1.4.7.1_Generic_Release_20180907/algo/bin/Normal_version/gcc/Cortex_M3/libalgobsec.a(bsec_interface.o) (bsec_codegen_get_state)
C:/Users/Vishwas/ON_Semiconductor/PACK/ONSemiconductor/BDK/1.12.1/source/firmware/Components/BSEC_1.4.7.1_Generic_Release_20180907/algo/bin/Normal_version/gcc/Cortex_M3/libalgobsec.a(bsec_codegen_get_version.o)
                              C:/Users/Vishwas/ON_Semiconductor/PACK/ONSemiconductor/BDK/1.12.1/source/firmware/Components/BSEC_1.4.7.1_Generic_Release_20180907/algo/bin/Normal_version/gcc/Cortex_M3/libalgobsec.a(bsec_interface.o) (bsec_codegen_get_version)
C:/Users/Vishwas/ON_Semiconductor/PACK/ONSemiconductor/BDK/1.12.1/source/firmware/Components/BSEC_1.4.7.1_Generic_Release_20180907/algo/bin/Normal_version/gcc/Cortex_M3/libalgobsec.a(bsec_codegen_init.o)
                              C:/Users/Vishwas/ON_Semiconductor/PACK/ONSemiconductor/BDK/1.12.1/source/firmware/Components/BSEC_1.4.7.1_Generic_Release_20180907/algo/bin/Normal_version/gcc/Cortex_M3/libalgobsec.a(bsec_interface.o) (bsec_codegen_init)
C:/Users/Vishwas/ON_Semiconductor/PACK/ONSemiconductor/BDK/1.12.1/source/firmware/Components/BSEC_1.4.7.1_Generic_Release_20180907/algo/bin/Normal_version/gcc/Cortex_M3/libalgobsec.a(bsec_codegen_reset_output.o)
                              C:/Users/Vishwas/ON_Semiconductor/PACK/ONSemiconductor/BDK/1.12.1/source/firmware/Components/BSEC_1.4.7.1_Generic_Release_20180907/algo/bin/Normal_version/gcc/Cortex_M3/libalgobsec.a(bsec_interface.o) (bsec_codegen_reset_output)
C:/Users/Vishwas/ON_Semiconductor/PACK/ONSemiconductor/BDK/1.12.1/source/firmware/Components/BSEC_1.4.7.1_Generic_Release_20180907/algo/bin/Normal_version/gcc/Cortex_M3/libalgobsec.a(bsec_codegen_sensor_control.o)
                              C:/Users/Vishwas/ON_Semiconductor/PACK/ONSemiconductor/BDK/1.12.1/source/firmware/Components/BSEC_1.4.7.1_Generic_Release_20180907/algo/bin/Normal_version/gcc/Cortex_M3/libalgobsec.a(bsec_interface.o) (bsec_codegen_sensor_control)
C:/Users/Vishwas/ON_Semiconductor/PACK/ONSemiconductor/BDK/1.12.1/source/firmware/Components/BSEC_1.4.7.1_Generic_Release_20180907/algo/bin/Normal_version/gcc/Cortex_M3/libalgobsec.a(bsec_codegen_set_configuration.o)
                              C:/Users/Vishwas/ON_Semiconductor/PACK/ONSemiconductor/BDK/1.12.1/source/firmware/Components/BSEC_1.4.7.1_Generic_Release_20180907/algo/bin/Normal_version/gcc/Cortex_M3/libalgobsec.a(bsec_interface.o) (bsec_codegen_set_configuration)
C:/Users/Vishwas/ON_Semiconductor/PACK/ONSemiconductor/BDK/1.12.1/source/firmware/Components/BSEC_1.4.7.1_Generic_Release_20180907/algo/bin/Normal_version/gcc/Cortex_M3/libalgobsec.a(bsec_codegen_set_state.o)
                              C:/Users/Vishwas/ON_Semiconductor/PACK/ONSemiconductor/BDK/1.12.1/source/firmware/Components/BSEC_1.4.7.1_Generic_Release_20180907/algo/bin/Normal_version/gcc/Cortex_M3/libalgobsec.a(bsec_interface.o) (bsec_codegen_set_state)
C:/Users/Vishwas/ON_Semiconductor/PACK/ONSemiconductor/BDK/1.12.1/source/firmware/Components/BSEC_1.4.7.1_Generic_Release_20180907/algo/bin/Normal_version/gcc/Cortex_M3/libalgobsec.a(bsec_codegen_update_subscription.o)
[...]
Memory Configuration

Name             Origin             Length             Attributes
ROM              0x00000000         0x00001000         r
FLASH            0x00100000         0x0005f000         xrw
PRAM             0x00200000         0x00008000         xrw
DRAM             0x20000000         0x00008000         xrw
DRAM_DSP         0x20008000         0x0000a000         xrw
DRAM_BB          0x20012000         0x00004000         xrw
*default*        0x00000000         0xffffffff

Linker script and memory map

START GROUP
LOAD ./src/CSN_PB.o
LOAD ./src/main.o
LOAD ./RTE/Utility/SEGGER_RTT_Syscalls_GCC.o
LOAD ./RTE/Device/RSL10/BDK.o
LOAD ./RTE/Device/RSL10/BDK_Task.o
LOAD ./RTE/Device/RSL10/EventCallback.o
LOAD ./RTE/Device/RSL10/HAL.o
LOAD ./RTE/Device/RSL10/HAL_I2C.o
LOAD ./RTE/Device/RSL10/HAL_SPI.o
LOAD ./RTE/Device/RSL10/HAL_UART.o
LOAD ./RTE/Device/RSL10/HAL_clock.o
LOAD ./RTE/Device/RSL10/HAL_error.o
LOAD ./RTE/Device/RSL10/I2C_RSLxx.o
LOAD ./RTE/Device/RSL10/SPI_RSLxx.o
LOAD ./RTE/Device/RSL10/SoftwareTimer.o
LOAD ./RTE/Device/RSL10/USART_RSLxx.o
LOAD ./RTE/Device/RSL10/aes.o
LOAD ./RTE/Device/RSL10/rsl10_protocol.o
LOAD ./RTE/Device/RSL10/rsl10_romvect.o
LOAD ./RTE/Device/RSL10/rsl10_sys_asrc.o
LOAD ./RTE/Device/RSL10/rsl10_sys_audio.o
LOAD ./RTE/Device/RSL10/rsl10_sys_clocks.o
LOAD ./RTE/Device/RSL10/rsl10_sys_crc.o
LOAD ./RTE/Device/RSL10/rsl10_sys_dma.o
LOAD ./RTE/Device/RSL10/rsl10_sys_flash.o
LOAD ./RTE/Device/RSL10/rsl10_sys_power.o
LOAD ./RTE/Device/RSL10/rsl10_sys_power_modes.o
LOAD ./RTE/Device/RSL10/rsl10_sys_rffe.o
LOAD ./RTE/Device/RSL10/rsl10_sys_timers.o
LOAD ./RTE/Device/RSL10/rsl10_sys_uart.o
LOAD ./RTE/Device/RSL10/rsl10_sys_version.o
LOAD ./RTE/Device/RSL10/sbrk.o
LOAD ./RTE/Device/RSL10/start.o
LOAD ./RTE/Device/RSL10/startup_rsl10.o
LOAD ./RTE/Device/RSL10/stimer.o
LOAD ./RTE/Device/RSL10/system_rsl10.o
LOAD ./RTE/Device/stubprf.o
LOAD ./RTE/Components/bhy.o
LOAD ./RTE/Components/bhy1_firmware.o
LOAD ./RTE/Components/bhy_uc_driver.o
LOAD ./RTE/Components/bme680.o
LOAD ./RTE/Components/noa1305.o
LOAD ./RTE/Board_Support/BHI160_NDOF.o
LOAD ./RTE/Board_Support/BSEC_ENV.o
LOAD ./RTE/Board_Support/CS.o
LOAD ./RTE/Board_Support/CSN_ALS.o
LOAD ./RTE/Board_Support/CSN_AO.o
LOAD ./RTE/Board_Support/CSN_ENV_BSEC.o
LOAD ./RTE/Board_Support/CS_Platform_RSL10_HB.o
LOAD ./RTE/Board_Support/I2CEeprom.o
LOAD ./RTE/Board_Support/NOA1305_ALS.o
LOAD ./RTE/Board_Support/bhy_support.o
LOAD ./RTE/Board_Support/button_api.o
LOAD ./RTE/Board_Support/led_api.o
LOAD ./RTE/BLE/BLE_BASS.o
LOAD ./RTE/BLE/BLE_ICS.o
LOAD ./RTE/BLE/BLE_PeripheralServer.o
LOAD C:/Users/Vishwas/ON_Semiconductor/PACK/ONSemiconductor/BDK/1.12.1/source/firmware/Components/BSEC_1.4.7.1_Generic_Release_20180907/algo/bin/Normal_version/gcc/Cortex_M3/libalgobsec.a
LOAD C:/Users/Vishwas/ON_Semiconductor/PACK/ONSemiconductor/RSL10/3.2.608/lib/ble_core/Release/libblelib.a
LOAD C:/Users/Vishwas/ON_Semiconductor/PACK/ONSemiconductor/RSL10/3.2.608/lib/ble_core/Release/libkelib.a
LOAD C:/Users/Vishwas/ON_Semiconductor/PACK/ONSemiconductor/RSL10/3.2.608/lib/ble_profiles/Release/libbass.a
LOAD C:/Users/Vishwas/ON_Semiconductor/PACK/ONSemiconductor/BDK/1.12.1/lib/libRTT.a
LOAD c:/program files (x86)/on semiconductor/ide_v3.2.2.13/arm_tools/bin/../lib/gcc/arm-none-eabi/8.3.1/../../../../arm-none-eabi/lib/thumb/v7-m/nofp\libm.a
END GROUP
START GROUP
LOAD c:/program files (x86)/on semiconductor/ide_v3.2.2.13/arm_tools/bin/../lib/gcc/arm-none-eabi/8.3.1/thumb/v7-m/nofp\libgcc.a
LOAD c:/program files (x86)/on semiconductor/ide_v3.2.2.13/arm_tools/bin/../lib/gcc/arm-none-eabi/8.3.1/../../../../arm-none-eabi/lib/thumb/v7-m/nofp\libg_nano.a
LOAD c:/program files (x86)/on semiconductor/ide_v3.2.2.13/arm_tools/bin/../lib/gcc/arm-none-eabi/8.3.1/../../../../arm-none-eabi/lib/thumb/v7-m/nofp\libc_nano.a
END GROUP
START GROUP
LOAD c:/program files (x86)/on semiconductor/ide_v3.2.2.13/arm_tools/bin/../lib/gcc/arm-none-eabi/8.3.1/thumb/v7-m/nofp\libgcc.a
LOAD c:/program files (x86)/on semiconductor/ide_v3.2.2.13/arm_tools/bin/../lib/gcc/arm-none-eabi/8.3.1/../../../../arm-none-eabi/lib/thumb/v7-m/nofp\libc_nano.a
LOAD c:/program files (x86)/on semiconductor/ide_v3.2.2.13/arm_tools/bin/../lib/gcc/arm-none-eabi/8.3.1/../../../../arm-none-eabi/lib/thumb/v7-m/nofp\libnosys.a
END GROUP
START GROUP
LOAD c:/program files (x86)/on semiconductor/ide_v3.2.2.13/arm_tools/bin/../lib/gcc/arm-none-eabi/8.3.1/thumb/v7-m/nofp\libgcc.a
LOAD c:/program files (x86)/on semiconductor/ide_v3.2.2.13/arm_tools/bin/../lib/gcc/arm-none-eabi/8.3.1/../../../../arm-none-eabi/lib/thumb/v7-m/nofp\libc_nano.a
LOAD c:/program files (x86)/on semiconductor/ide_v3.2.2.13/arm_tools/bin/../lib/gcc/arm-none-eabi/8.3.1/../../../../arm-none-eabi/lib/thumb/v7-m/nofp\libnosys.a
END GROUP
                0x20008000                __stack = (ORIGIN (DRAM) + LENGTH (DRAM))
                [!provide]                PROVIDE (__stack = __stack)
                0x00000400                __Main_Stack_Size = 0x400
                [!provide]                PROVIDE (_Main_Stack_Size = __Main_Stack_Size)
                0x20007c00                __Main_Stack_Limit = (__stack - __Main_Stack_Size)
                [!provide]                PROVIDE (_Main_Stack_Limit = __Main_Stack_Limit)
                0x20003b6c                PROVIDE (__Heap_Begin__ = __noinit_end__)
                0x20007c00                PROVIDE (__Heap_Limit__ = (__stack - __Main_Stack_Size))
                0xe000ed08                __VTOR = 0xe000ed08

.text           0x00100000     0xe980
                0x00100000                . = ALIGN (0x4)
 *(.interrupt_vector)
 .interrupt_vector
                0x00100000      0x158 ./RTE/Device/RSL10/startup_rsl10.o
                0x00100000                ISR_Vector_Table
 *(.reset)
 .reset         0x00100158       0x18 ./RTE/Device/RSL10/startup_rsl10.o
                0x00100158                Reset_Handler
                0x00100170                . = ALIGN (0x4)
                0x00100170                PROVIDE (__preinit_array_start__ = .)
 *(.preinit_array_sysinit .preinit_array_sysinit.*)
 *(.preinit_array_platform .preinit_array_platform.*)
 *(.preinit_array .preinit_array.*)
                0x00100170                PROVIDE (__preinit_array_end__ = .)
                0x00100170                . = ALIGN (0x4)
                0x00100170                PROVIDE (__init_array_start__ = .)
 *(SORT_BY_NAME(.init_array.*))
 *(.init_array)
                0x00100170                PROVIDE (__init_array_end__ = .)
                0x00100170                . = ALIGN (0x4)
 *(.text .text.*)
 .text.la_vector_cb
                0x00100170      0x170 ./src/main.o
                0x00100170                la_vector_cb
 .text.startup.main
                0x001002e0       0xa4 ./src/main.o
                0x001002e0                main
 .text._write_r
                0x00100384       0x12 ./RTE/Utility/SEGGER_RTT_Syscalls_GCC.o
                0x00100384                _write_r
 .text.BDK_InitializeFreq
                0x00100396       0x18 ./RTE/Device/RSL10/BDK.o
                0x00100396                BDK_InitializeFreq
 *fill*         0x001003ae        0x2 
 .text.BDK_Schedule
                0x001003b0       0x1c ./RTE/Device/RSL10/BDK.o
                0x001003b0                BDK_Schedule
 .text._read    0x001003cc        0x6 ./RTE/Device/RSL10/BDK.o
                0x001003cc                _read
 .text.BDK_DefaultMsgHandler
                0x001003d2        0x4 ./RTE/Device/RSL10/BDK_Task.o
 .text.BDK_TimerMsgHandler
                0x001003d6        0xe ./RTE/Device/RSL10/BDK_Task.o
 .text.BDK_TaskAddMsgHandler
                0x001003e4       0x44 ./RTE/Device/RSL10/BDK_Task.o
                0x001003e4                BDK_TaskAddMsgHandler
 .text.BDK_TaskInit
                0x00100428       0x58 ./RTE/Device/RSL10/BDK_Task.o
                0x00100428                BDK_TaskInit
 .text.BDK_TaskStart
                0x00100480       0x34 ./RTE/Device/RSL10/BDK_Task.o
                0x00100480                BDK_TaskStart
 .text.BDK_TaskSchedule
                0x001004b4       0x2c ./RTE/Device/RSL10/BDK_Task.o
                0x001004b4                BDK_TaskSchedule
 .text.EventCallback_Call
                0x001004e0       0x24 ./RTE/Device/RSL10/EventCallback.o
                0x001004e0                EventCallback_Call
 .text.HAL_Init
                0x00100504      0x104 ./RTE/Device/RSL10/HAL.o
                0x00100504                HAL_Init
 .text.HAL_Time
                0x00100608        0xc ./RTE/Device/RSL10/HAL.o
                0x00100608                HAL_Time
 .text.HAL_IsInterrupt
                0x00100614       0x14 ./RTE/Device/RSL10/HAL.o
                0x00100614                HAL_IsInterrupt
 .text.HAL_Delay
                0x00100628       0x34 ./RTE/Device/RSL10/HAL.o
                0x00100628                HAL_Delay
 .text.TIMER0_IRQHandler
                0x0010065c       0x10 ./RTE/Device/RSL10/HAL.o
                0x0010065c                TIMER0_IRQHandler
 .text.HAL_I2C_WaitForTransfer
                0x0010066c       0x40 ./RTE/Device/RSL10/HAL_I2C.o
 .text.HAL_I2C_Init
                0x001006ac       0x78 ./RTE/Device/RSL10/HAL_I2C.o
                0x001006ac                HAL_I2C_Init
 .text.HAL_I2C_DeInit
                0x00100724       0x40 ./RTE/Device/RSL10/HAL_I2C.o
                0x00100724                HAL_I2C_DeInit
 .text.HAL_I2C_DriverCallback
                0x00100764       0x30 ./RTE/Device/RSL10/HAL_I2C.o
 .text.HAL_I2C_SetBusSpeed
                0x00100794       0x54 ./RTE/Device/RSL10/HAL_I2C.o
                0x00100794                HAL_I2C_SetBusSpeed
 .text.HAL_I2C_ReadAsync
                0x001007e8       0x58 ./RTE/Device/RSL10/HAL_I2C.o
                0x001007e8                HAL_I2C_ReadAsync
 .text.HAL_I2C_Read
                0x00100840       0x50 ./RTE/Device/RSL10/HAL_I2C.o
                0x00100840                HAL_I2C_Read
 .text.HAL_I2C_WriteAsync
                0x00100890       0x58 ./RTE/Device/RSL10/HAL_I2C.o
                0x00100890                HAL_I2C_WriteAsync
 .text.HAL_I2C_Write
                0x001008e8       0x50 ./RTE/Device/RSL10/HAL_I2C.o
                0x001008e8                HAL_I2C_Write
 .text.HAL_SetClockPrescalers
                0x00100938       0x88 ./RTE/Device/RSL10/HAL_clock.o
                0x00100938                HAL_SetClockPrescalers
 .text.HAL_Failed
                0x001009c0       0x78 ./RTE/Device/RSL10/HAL_error.o
                0x001009c0                HAL_Failed
 .text.Sys_GPIO_Set_High
                0x00100a38       0x1e ./RTE/Device/RSL10/I2C_RSLxx.o
 *fill*         0x00100a56        0x2 
 .text.I2Cx_GetVersion
                0x00100a58       0x14 ./RTE/Device/RSL10/I2C_RSLxx.o
 .text.I2Cx_GetCapabilities
                0x00100a6c        0x4 ./RTE/Device/RSL10/I2C_RSLxx.o
 .text.I2C0_GetDataCount
                0x00100a70        0xc ./RTE/Device/RSL10/I2C_RSLxx.o
 .text.I2C0_GetStatus
                0x00100a7c        0xc ./RTE/Device/RSL10/I2C_RSLxx.o
 .text.__NVIC_EnableIRQ
                0x00100a88       0x1c ./RTE/Device/RSL10/I2C_RSLxx.o
 .text.__NVIC_DisableIRQ
                0x00100aa4       0x28 ./RTE/Device/RSL10/I2C_RSLxx.o
 .text.__NVIC_ClearPendingIRQ
                0x00100acc       0x20 ./RTE/Device/RSL10/I2C_RSLxx.o
 .text.Sys_Delay_ProgramROM
                0x00100aec        0xe ./RTE/Device/RSL10/I2C_RSLxx.o
 *fill*         0x00100afa        0x2 
 .text.I2C0_SlaveReceive
                0x00100afc       0x6c ./RTE/Device/RSL10/I2C_RSLxx.o
 .text.I2C0_SlaveTransmit
                0x00100b68       0x6c ./RTE/Device/RSL10/I2C_RSLxx.o
 .text.I2C0_MasterReceive
                0x00100bd4       0x88 ./RTE/Device/RSL10/I2C_RSLxx.o
 .text.I2C0_MasterTransmit
                0x00100c5c       0x84 ./RTE/Device/RSL10/I2C_RSLxx.o
 .text.I2C0_PowerControl
                0x00100ce0       0x74 ./RTE/Device/RSL10/I2C_RSLxx.o
 .text.I2C0_Uninitialize
                0x00100d54       0x20 ./RTE/Device/RSL10/I2C_RSLxx.o
 .text.I2C0_Initialize
                0x00100d74       0x38 ./RTE/Device/RSL10/I2C_RSLxx.o
 .text.I2C0_Control
                0x00100dac      0x230 ./RTE/Device/RSL10/I2C_RSLxx.o
 .text.I2C_IRQHandler
                0x00100fdc      0x184 ./RTE/Device/RSL10/I2C_RSLxx.o
                0x00100fdc                I2C_IRQHandler
 .text.SPI_TransferCompleted.constprop.12
                0x00101160       0x30 ./RTE/Device/RSL10/SPI_RSLxx.o
 .text.SPI_PrepareNextTXData.constprop.13
                0x00101190       0x40 ./RTE/Device/RSL10/SPI_RSLxx.o
 .text.SPI0_TX_IRQHandler
                0x001011d0       0x70 ./RTE/Device/RSL10/SPI_RSLxx.o
                0x001011d0                SPI0_TX_IRQHandler
 .text.SPI0_RX_IRQHandler
                0x00101240       0x98 ./RTE/Device/RSL10/SPI_RSLxx.o
                0x00101240                SPI0_RX_IRQHandler
 .text.SwTimer_GetTime
                0x001012d8        0xc ./RTE/Device/RSL10/SoftwareTimer.o
 .text.__NVIC_DisableIRQ.part.1.constprop.4
                0x001012e4       0x18 ./RTE/Device/RSL10/SoftwareTimer.o
 .text.SwTimer_CTX_Initialize
                0x001012fc       0xa0 ./RTE/Device/RSL10/SoftwareTimer.o
                0x001012fc                SwTimer_CTX_Initialize
 .text.SwTimer_CTX_Pause
                0x0010139c       0x24 ./RTE/Device/RSL10/SoftwareTimer.o
                0x0010139c                SwTimer_CTX_Pause
 .text.SwTimer_Initialize
                0x001013c0       0x44 ./RTE/Device/RSL10/SoftwareTimer.o
                0x001013c0                SwTimer_Initialize
 .text.SwTimer_Remove
                0x00101404       0x34 ./RTE/Device/RSL10/SoftwareTimer.o
                0x00101404                SwTimer_Remove
 .text.SwTimer_Start
                0x00101438       0x20 ./RTE/Device/RSL10/SoftwareTimer.o
                0x00101438                SwTimer_Start
 .text.SwTimer_GetElapsed
                0x00101458        0x4 ./RTE/Device/RSL10/SoftwareTimer.o
                0x00101458                SwTimer_GetElapsed
 .text.TIMER1_IRQHandler
                0x0010145c       0x54 ./RTE/Device/RSL10/SoftwareTimer.o
                0x0010145c                TIMER1_IRQHandler
 .text.__NVIC_DisableIRQ
                0x001014b0       0x28 ./RTE/Device/RSL10/USART_RSLxx.o
 .text.UART_TX_IRQHandler
                0x001014d8       0x44 ./RTE/Device/RSL10/USART_RSLxx.o
                0x001014d8                UART_TX_IRQHandler
 .text.UART_RX_IRQHandler
                0x0010151c       0x4c ./RTE/Device/RSL10/USART_RSLxx.o
                0x0010151c                UART_RX_IRQHandler
 .text.Sys_DMA_ChannelConfig
                0x00101568       0x2e ./RTE/Device/RSL10/rsl10_sys_dma.o
                0x00101568                Sys_DMA_ChannelConfig
 *fill*         0x00101596        0x2 
 .text.Sys_Timers_Start
                0x00101598       0x54 ./RTE/Device/RSL10/rsl10_sys_timers.o
                0x00101598                Sys_Timers_Start
 .text.Sys_Timers_Stop
                0x001015ec       0x3c ./RTE/Device/RSL10/rsl10_sys_timers.o
                0x001015ec                Sys_Timers_Stop
 .text._sbrk    0x00101628       0x54 ./RTE/Device/RSL10/sbrk.o
                0x00101628                _sbrk
 .text._start   0x0010167c      0x16c ./RTE/Device/RSL10/start.o
                0x0010167c                _start
 .text          0x001017e8       0x14 ./RTE/Device/RSL10/startup_rsl10.o
                0x001017e8                NMI_Handler
                0x001017ea                HardFault_Handler
                0x001017ec                MemManage_Handler
                0x001017ee                BusFault_Handler
                0x001017f0                UsageFault_Handler
                0x001017f2                SVC_Handler
                0x001017f4                DebugMon_Handler
                0x001017f6                PendSV_Handler
                0x001017f8                SysTick_Handler
                0x001017fa                DSP7_IRQHandler
                0x001017fa                BLE_COEX_RX_TX_IRQHandler
                0x001017fa                DMA2_IRQHandler
                0x001017fa                DSP2_IRQHandler
                0x001017fa                MEMORY_ERROR_IRQHandler
                0x001017fa                TIMER3_IRQHandler
                0x001017fa                WATCHDOG_IRQHandler
                0x001017fa                UART_ERROR_IRQHandler
                0x001017fa                DSP3_IRQHandler
                0x001017fa                FLASH_COPY_IRQHandler
                0x001017fa                RF_TXFIFO_IRQHandler
                0x001017fa                RTC_ALARM_IRQHandler
                0x001017fa                SPI0_ERROR_IRQHandler
                0x001017fa                BLE_COEX_IN_PROCESS_IRQHandler
                0x001017fa                ASRC_IN_IRQHandler
                0x001017fa                SPI1_ERROR_IRQHandler
                0x001017fa                DMIC_OD_ERROR_IRQHandler
                0x001017fa                PCM_TX_IRQHandler
                0x001017fa                DSP0_IRQHandler
                0x001017fa                Default_Handler
                0x001017fa                DMIC_OUT_OD_IN_IRQHandler
                0x001017fa                ADC_BATMON_IRQHandler
                0x001017fa                DMA7_IRQHandler
                0x001017fa                PCM_RX_IRQHandler
                0x001017fa                RF_TX_IRQHandler
                0x001017fa                ASRC_ERROR_IRQHandler
                0x001017fa                RF_RXSTOP_IRQHandler
                0x001017fa                DSP1_IRQHandler
                0x001017fa                AUDIOSINK_PHASE_IRQHandler
                0x001017fa                WAKEUP_IRQHandler
                0x001017fa                RF_SYNC_IRQHandler
                0x001017fa                SPI1_RX_IRQHandler
                0x001017fa                CLKDET_IRQHandler
                0x001017fa                DSP6_IRQHandler
                0x001017fa                TIMER2_IRQHandler
                0x001017fa                AUDIOSINK_PERIOD_IRQHandler
                0x001017fa                DMA5_IRQHandler
                0x001017fa                DMA3_IRQHandler
                0x001017fa                RTC_CLOCK_IRQHandler
                0x001017fa                DMA0_IRQHandler
                0x001017fa                ASRC_OUT_IRQHandler
                0x001017fa                PCM_ERROR_IRQHandler
                0x001017fa                DSP5_IRQHandler
                0x001017fa                DMA4_IRQHandler
                0x001017fa                FLASH_ECC_IRQHandler
                0x001017fa                SPI1_TX_IRQHandler
                0x001017fa                RF_IRQ_RECEIVED_IRQHandler
                0x001017fa                DSP4_IRQHandler
                0x001017fa                DMA6_IRQHandler
                0x001017fa                RF_RXFIFO_IRQHandler
                0x001017fa                DMA1_IRQHandler
 .text._tm_mask_lt
                0x001017fc       0x14 ./RTE/Device/RSL10/stimer.o
 .text._tm_mask_eq
                0x00101810        0xc ./RTE/Device/RSL10/stimer.o
 .text._tm_mask_diff
                0x0010181c       0x20 ./RTE/Device/RSL10/stimer.o
 .text._tm_mask_offset
                0x0010183c        0x6 ./RTE/Device/RSL10/stimer.o
 .text._tm_nm_lt
                0x00101842       0x26 ./RTE/Device/RSL10/stimer.o
 .text._tm_nm_eq
                0x00101868       0x28 ./RTE/Device/RSL10/stimer.o
 .text.unlink_timer
                0x00101890       0x28 ./RTE/Device/RSL10/stimer.o
 .text.start_and_checkpoint_timer
                0x001018b8       0x1a ./RTE/Device/RSL10/stimer.o
 .text._tm_nm_diff
                0x001018d2       0x2c ./RTE/Device/RSL10/stimer.o
 .text._tm_nm_offset
                0x001018fe       0x20 ./RTE/Device/RSL10/stimer.o
 *fill*         0x0010191e        0x2 
 .text.tm_initialize
                0x00101920       0x5c ./RTE/Device/RSL10/stimer.o
 .text.checkpoint_timer.part.3
                0x0010197c       0x3c ./RTE/Device/RSL10/stimer.o
 .text.checkpoint_timer_2
                0x001019b8       0x24 ./RTE/Device/RSL10/stimer.o
 .text.stimer_init_context
                0x001019dc       0x20 ./RTE/Device/RSL10/stimer.o
                0x001019dc                stimer_init_context
 .text.stimer_init
                0x001019fc       0x1c ./RTE/Device/RSL10/stimer.o
                0x001019fc                stimer_init
 .text.stimer_remove
                0x00101a18        0x8 ./RTE/Device/RSL10/stimer.o
                0x00101a18                stimer_remove
 .text.stimer_start
                0x00101a20        0xc ./RTE/Device/RSL10/stimer.o
                0x00101a20                stimer_start
 .text.stimer_get_elapsed_time
                0x00101a2c       0x1e ./RTE/Device/RSL10/stimer.o
                0x00101a2c                stimer_get_elapsed_time
 .text.stimer_is_expired
                0x00101a4a       0x2e ./RTE/Device/RSL10/stimer.o
                0x00101a4a                stimer_is_expired
 .text.System_GetTargetForTrim
                0x00101a78       0x34 ./RTE/Device/RSL10/system_rsl10.o
                0x00101a78                System_GetTargetForTrim
 .text.SystemInit
                0x00101aac       0x24 ./RTE/Device/RSL10/system_rsl10.o
                0x00101aac                SystemInit
 .text.SystemCoreClockUpdate
                0x00101ad0      0x168 ./RTE/Device/RSL10/system_rsl10.o
                0x00101ad0                SystemCoreClockUpdate
 .text.bhy_init
                0x00101c38       0x2c ./RTE/Components/bhy.o
                0x00101c38                bhy_init
 .text.bhy_write_reg
                0x00101c64       0x24 ./RTE/Components/bhy.o
                0x00101c64                bhy_write_reg
 .text.bhy_read_reg
                0x00101c88       0x24 ./RTE/Components/bhy.o
                0x00101c88                bhy_read_reg
 .text.bhy_set_fifo_flush
                0x00101cac       0x3c ./RTE/Components/bhy.o
                0x00101cac                bhy_set_fifo_flush
 .text.bhy_read_bytes_remaining
                0x00101ce8       0x34 ./RTE/Components/bhy.o
                0x00101ce8                bhy_read_bytes_remaining
 .text.bhy_get_parameter_acknowledge
                0x00101d1c       0x2c ./RTE/Components/bhy.o
                0x00101d1c                bhy_get_parameter_acknowledge
 .text.bhy_set_parameter_page_select
                0x00101d48       0x28 ./RTE/Components/bhy.o
                0x00101d48                bhy_set_parameter_page_select
 .text.bhy_set_parameter_request
                0x00101d70       0x28 ./RTE/Components/bhy.o
                0x00101d70                bhy_set_parameter_request
 .text.bhy_get_rom_version
                0x00101d98       0x34 ./RTE/Components/bhy.o
                0x00101d98                bhy_get_rom_version
 .text.bhy_get_product_id
                0x00101dcc       0x2c ./RTE/Components/bhy.o
                0x00101dcc                bhy_get_product_id
 .text.bhy_get_crc_host
                0x00101df8       0x28 ./RTE/Components/bhy.o
                0x00101df8                bhy_get_crc_host
 .text.bhy_set_reset_request
                0x00101e20       0x28 ./RTE/Components/bhy.o
                0x00101e20                bhy_set_reset_request
 .text.bhy_initialize_from_rom
                0x00101e48      0x15c ./RTE/Components/bhy.o
                0x00101e48                bhy_initialize_from_rom
 .text.bhy_read_parameter_bytes
                0x00101fa4       0xd0 ./RTE/Components/bhy.o
                0x00101fa4                bhy_read_parameter_bytes
 .text.bhy_get_physical_sensor_status
                0x00102074       0x60 ./RTE/Components/bhy.o
                0x00102074                bhy_get_physical_sensor_status
 .text.bhy_write_parameter_bytes
                0x001020d4       0xbc ./RTE/Components/bhy.o
                0x001020d4                bhy_write_parameter_bytes
 .text.bhy_set_non_wakeup_sensor_configuration
                0x00102190       0x2c ./RTE/Components/bhy.o
                0x00102190                bhy_set_non_wakeup_sensor_configuration
 .text.bhy_set_wakeup_sensor_configuration
                0x001021bc       0x2c ./RTE/Components/bhy.o
                0x001021bc                bhy_set_wakeup_sensor_configuration
 .text.bhy_driver_init
                0x001021e8       0x30 ./RTE/Components/bhy_uc_driver.o
                0x001021e8                bhy_driver_init
 .text.bhy_enable_virtual_sensor
                0x00102218       0x86 ./RTE/Components/bhy_uc_driver.o
                0x00102218                bhy_enable_virtual_sensor
 *fill*         0x0010229e        0x2 
 .text.bhy_read_fifo
                0x001022a0       0x9c ./RTE/Components/bhy_uc_driver.o
                0x001022a0                bhy_read_fifo
 .text.bhy_parse_next_fifo_packet
                0x0010233c      0x3a4 ./RTE/Components/bhy_uc_driver.o
                0x0010233c                bhy_parse_next_fifo_packet
 .text.bhy_update_system_timestamp
                0x001026e0       0x4c ./RTE/Components/bhy_uc_driver.o
                0x001026e0                bhy_update_system_timestamp
 .text.bhy_write_parameter_page
                0x0010272c       0xa8 ./RTE/Components/bhy_uc_driver.o
                0x0010272c                bhy_write_parameter_page
 .text.bhy_mapping_matrix_set
                0x001027d4       0x7c ./RTE/Components/bhy_uc_driver.o
                0x001027d4                bhy_mapping_matrix_set
 .text.bhy_print_debug_packet
                0x00102850       0x70 ./RTE/Components/bhy_uc_driver.o
                0x00102850                bhy_print_debug_packet
 .text.bhy_install_sensor_callback
                0x001028c0       0x2c ./RTE/Components/bhy_uc_driver.o
                0x001028c0                bhy_install_sensor_callback
 .text.bhy_install_timestamp_callback
                0x001028ec       0x28 ./RTE/Components/bhy_uc_driver.o
                0x001028ec                bhy_install_timestamp_callback
 .text.bhy_install_meta_event_callback
                0x00102914       0x20 ./RTE/Components/bhy_uc_driver.o
                0x00102914                bhy_install_meta_event_callback
 .text.noa1305_get_integration_time
                0x00102934       0x1e ./RTE/Components/noa1305.o
                0x00102934                noa1305_get_integration_time
 .text.noa1305_read_als_data
                0x00102952       0x42 ./RTE/Components/noa1305.o
                0x00102952                noa1305_read_als_data
 .text.noa1305_convert_als_data_lux
                0x00102994       0x44 ./RTE/Components/noa1305.o
                0x00102994                noa1305_convert_als_data_lux
 .text.BHI160_NDOF_FifoRoutine
                0x001029d8       0xac ./RTE/Board_Support/BHI160_NDOF.o
 .text.BHI160_NDOF_TimestampCallback
                0x00102a84        0xc ./RTE/Board_Support/BHI160_NDOF.o
 .text.BHI160_NDOF_DynamicRangeCallback
                0x00102a90       0x50 ./RTE/Board_Support/BHI160_NDOF.o
 .text.DIO3_IRQHandler
                0x00102ae0        0xc ./RTE/Board_Support/BHI160_NDOF.o
                0x00102ae0                DIO3_IRQHandler
 .text.BHI160_NDOF_Initialize
                0x00102aec       0xc8 ./RTE/Board_Support/BHI160_NDOF.o
                0x00102aec                BHI160_NDOF_Initialize
 .text.BHI160_NDOF_EnableSensor
                0x00102bb4       0x28 ./RTE/Board_Support/BHI160_NDOF.o
                0x00102bb4                BHI160_NDOF_EnableSensor
 .text.BHI160_NDOF_GetAccelDynamicRange
                0x00102bdc        0xc ./RTE/Board_Support/BHI160_NDOF.o
                0x00102bdc                BHI160_NDOF_GetAccelDynamicRange
 .text.NOA1305_ALS_InteruptEventTask
                0x00102be8       0x3c ./RTE/Board_Support/NOA1305_ALS.o
 .text.DIO2_IRQHandler
                0x00102c24       0x18 ./RTE/Board_Support/NOA1305_ALS.o
                0x00102c24                DIO2_IRQHandler
 .text.sensor_i2c_read
                0x00102c3c       0x2e ./RTE/Board_Support/bhy_support.o
 .text.sensor_i2c_write
                0x00102c6a       0x44 ./RTE/Board_Support/bhy_support.o
 .text.bhy_delay_msec
                0x00102cae        0x4 ./RTE/Board_Support/bhy_support.o
                0x00102cae                bhy_delay_msec
 *fill*         0x00102cb2        0x2 
 .text.bhy_initialize_support
                0x00102cb4       0x5c ./RTE/Board_Support/bhy_support.o
                0x00102cb4                bhy_initialize_support
 .text.bhy_printf
                0x00102d10        0xc ./RTE/Board_Support/bhy_support.o
                0x00102d10                bhy_printf
 .text.DIO0_IRQHandler
                0x00102d1c        0x6 ./RTE/Board_Support/button_api.o
                0x00102d1c                DIO0_IRQHandler
 .text.DIO1_IRQHandler
                0x00102d22        0x6 ./RTE/Board_Support/button_api.o
                0x00102d22                DIO1_IRQHandler
 .text.BTN_Read
                0x00102d28       0x2c ./RTE/Board_Support/button_api.o
                0x00102d28                BTN_Read
 .text.LED_On   0x00102d54       0x1e ./RTE/Board_Support/led_api.o
                0x00102d54                LED_On
 .text.LED_Off  0x00102d72       0x1e ./RTE/Board_Support/led_api.o
                0x00102d72                LED_Off
 .text.rwip_prevent_sleep_set
                0x00102d90       0x14 C:/Users/Vishwas/ON_Semiconductor/PACK/ONSemiconductor/RSL10/3.2.608/lib/ble_core/Release/libblelib.a(rwip.o)
                0x00102d90                rwip_prevent_sleep_set
 .text.rwip_wakeup
                0x00102da4       0x10 C:/Users/Vishwas/ON_Semiconductor/PACK/ONSemiconductor/RSL10/3.2.608/lib/ble_core/Release/libblelib.a(rwip.o)
                0x00102da4                rwip_wakeup
 .text.rwip_prevent_sleep_clear
                0x00102db4       0x14 C:/Users/Vishwas/ON_Semiconductor/PACK/ONSemiconductor/RSL10/3.2.608/lib/ble_core/Release/libblelib.a(rwip.o)
                0x00102db4                rwip_prevent_sleep_clear
 .text.rwip_wakeup_end
                0x00102dc8       0x24 C:/Users/Vishwas/ON_Semiconductor/PACK/ONSemiconductor/RSL10/3.2.608/lib/ble_core/Release/libblelib.a(rwip.o)
                0x00102dc8                rwip_wakeup_end
 .text.rwip_sleep_lpcycles_2_us
                0x00102dec       0x5c C:/Users/Vishwas/ON_Semiconductor/PACK/ONSemiconductor/RSL10/3.2.608/lib/ble_core/Release/libblelib.a(rwip.o)
                0x00102dec                rwip_sleep_lpcycles_2_us
 .text.rwble_isr
                0x00102e48       0xb8 C:/Users/Vishwas/ON_Semiconductor/PACK/ONSemiconductor/RSL10/3.2.608/lib/ble_core/Release/libblelib.a(rwble.o)
                0x00102e48                BLE_CSCNT_IRQHandler
                0x00102e48                BLE_SW_IRQHandler
                0x00102e48                BLE_AUDIO0_IRQHandler
                0x00102e48                BLE_SLP_IRQHandler
                0x00102e48                BLE_RX_IRQHandler
                0x00102e48                rwble_isr
                0x00102e48                BLE_AUDIO2_IRQHandler
                0x00102e48                BLE_AUDIO1_IRQHandler
                0x00102e48                BLE_ERROR_IRQHandler
                0x00102e48                BLE_EVENT_IRQHandler
                0x00102e48                BLE_CRYPT_IRQHandler
                0x00102e48                BLE_FINETGTIM_IRQHandler
 .text.lld_evt_winsize_change
                0x00102f00       0xbc C:/Users/Vishwas/ON_Semiconductor/PACK/ONSemiconductor/RSL10/3.2.608/lib/ble_core/Release/libblelib.a(lld_evt.o)
 .text.lld_evt_slave_time_compute
                0x00102fbc       0xa8 C:/Users/Vishwas/ON_Semiconductor/PACK/ONSemiconductor/RSL10/3.2.608/lib/ble_core/Release/libblelib.a(lld_evt.o)
 .text.lld_evt_deferred_elt_push
                0x00103064       0x28 C:/Users/Vishwas/ON_Semiconductor/PACK/ONSemiconductor/RSL10/3.2.608/lib/ble_core/Release/libblelib.a(lld_evt.o)
 .text.lld_evt_elt_wait_insert
                0x0010308c       0x20 C:/Users/Vishwas/ON_Semiconductor/PACK/ONSemiconductor/RSL10/3.2.608/lib/ble_core/Release/libblelib.a(lld_evt.o)
 .text.lld_evt_get_next_free_slot
                0x001030ac       0x38 C:/Users/Vishwas/ON_Semiconductor/PACK/ONSemiconductor/RSL10/3.2.608/lib/ble_core/Release/libblelib.a(lld_evt.o)
 .text.lld_evt_elt_wait_get
                0x001030e4       0x34 C:/Users/Vishwas/ON_Semiconductor/PACK/ONSemiconductor/RSL10/3.2.608/lib/ble_core/Release/libblelib.a(lld_evt.o)
 .text.lld_evt_delete_elt_push
                0x00103118       0x44 C:/Users/Vishwas/ON_Semiconductor/PACK/ONSemiconductor/RSL10/3.2.608/lib/ble_core/Release/libblelib.a(lld_evt.o)
                0x00103118                lld_evt_delete_elt_push
 .text.lld_evt_channel_next
                0x0010315c       0x40 C:/Users/Vishwas/ON_Semiconductor/PACK/ONSemiconductor/RSL10/3.2.608/lib/ble_core/Release/libblelib.a(lld_evt.o)
                0x0010315c                lld_evt_channel_next
 .text.lld_evt_init_evt
                0x0010319c       0x4c C:/Users/Vishwas/ON_Semiconductor/PACK/ONSemiconductor/RSL10/3.2.608/lib/ble_core/Release/libblelib.a(lld_evt.o)
                0x0010319c                lld_evt_init_evt
 .text.lld_evt_drift_compute
                0x001031e8       0x38 C:/Users/Vishwas/ON_Semiconductor/PACK/ONSemiconductor/RSL10/3.2.608/lib/ble_core/Release/libblelib.a(lld_evt.o)
                0x001031e8                lld_evt_drift_compute
 .text.lld_evt_rxwin_compute
                0x00103220       0x48 C:/Users/Vishwas/ON_Semiconductor/PACK/ONSemiconductor/RSL10/3.2.608/lib/ble_core/Release/libblelib.a(lld_evt.o)
 .text.lld_evt_restart
                0x00103268      0x880 C:/Users/Vishwas/ON_Semiconductor/PACK/ONSemiconductor/RSL10/3.2.608/lib/ble_core/Release/libblelib.a(lld_evt.o)
                0x00103268                lld_evt_restart
 .text.lld_evt_elt_insert
                0x00103ae8       0x48 C:/Users/Vishwas/ON_Semiconductor/PACK/ONSemiconductor/RSL10/3.2.608/lib/ble_core/Release/libblelib.a(lld_evt.o)
                0x00103ae8                lld_evt_elt_insert
 .text.lld_evt_schedule_next
                0x00103b30      0x1a8 C:/Users/Vishwas/ON_Semiconductor/PACK/ONSemiconductor/RSL10/3.2.608/lib/ble_core/Release/libblelib.a(lld_evt.o)
                0x00103b30                lld_evt_schedule_next
 .text.lld_evt_slave_update
                0x00103cd8      0x154 C:/Users/Vishwas/ON_Semiconductor/PACK/ONSemiconductor/RSL10/3.2.608/lib/ble_core/Release/libblelib.a(lld_evt.o)
                0x00103cd8                lld_evt_slave_update
 .text.lld_evt_end
                0x00103e2c      0x17c C:/Users/Vishwas/ON_Semiconductor/PACK/ONSemiconductor/RSL10/3.2.608/lib/ble_core/Release/libblelib.a(lld_evt.o)
                0x00103e2c                lld_evt_end
 .text.lld_evt_rx
                0x00103fa8       0x3c C:/Users/Vishwas/ON_Semiconductor/PACK/ONSemiconductor/RSL10/3.2.608/lib/ble_core/Release/libblelib.a(lld_evt.o)
                0x00103fa8                lld_evt_rx
 .text.lld_evt_end_isr
                0x00103fe4       0x4c C:/Users/Vishwas/ON_Semiconductor/PACK/ONSemiconductor/RSL10/3.2.608/lib/ble_core/Release/libblelib.a(lld_evt.o)
                0x00103fe4                lld_evt_end_isr
 .text.lld_evt_rx_isr
                0x00104030       0x10 C:/Users/Vishwas/ON_Semiconductor/PACK/ONSemiconductor/RSL10/3.2.608/lib/ble_core/Release/libblelib.a(lld_evt.o)
                0x00104030                lld_evt_rx_isr
 .text.lld_sleep_wakeup
                0x00104040       0x7c C:/Users/Vishwas/ON_Semiconductor/PACK/ONSemiconductor/RSL10/3.2.608/lib/ble_core/Release/libblelib.a(lld_sleep.o)
                0x00104040                lld_sleep_wakeup
 .text.lld_sleep_wakeup_end
                0x001040bc       0x1c C:/Users/Vishwas/ON_Semiconductor/PACK/ONSemiconductor/RSL10/3.2.608/lib/ble_core/Release/libblelib.a(lld_sleep.o)
                0x001040bc                lld_sleep_wakeup_end
 .text.hci_send_2_host
                0x001040d8       0xe8 C:/Users/Vishwas/ON_Semiconductor/PACK/ONSemiconductor/RSL10/3.2.608/lib/ble_core/Release/libblelib.a(hci.o)
                0x001040d8                hci_send_2_host
 .text.hci_look_for_cmd_desc
                0x001041c0       0x6c C:/Users/Vishwas/ON_Semiconductor/PACK/ONSemiconductor/RSL10/3.2.608/lib/ble_core/Release/libblelib.a(hci_msg.o)
                0x001041c0                hci_look_for_cmd_desc
 .text.hci_look_for_evt_desc
                0x0010422c       0x20 C:/Users/Vishwas/ON_Semiconductor/PACK/ONSemiconductor/RSL10/3.2.608/lib/ble_core/Release/libblelib.a(hci_msg.o)
                0x0010422c                hci_look_for_evt_desc
 .text.hci_look_for_le_evt_desc
                0x0010424c       0x20 C:/Users/Vishwas/ON_Semiconductor/PACK/ONSemiconductor/RSL10/3.2.608/lib/ble_core/Release/libblelib.a(hci_msg.o)
                0x0010424c                hci_look_for_le_evt_desc
 .text.llm_util_check_map_validity
                0x0010426c       0x4c C:/Users/Vishwas/ON_Semiconductor/PACK/ONSemiconductor/RSL10/3.2.608/lib/ble_core/Release/libblelib.a(llm_util.o)
                0x0010426c                llm_util_check_map_validity
 .text.llm_util_check_evt_mask
                0x001042b8       0x1c C:/Users/Vishwas/ON_Semiconductor/PACK/ONSemiconductor/RSL10/3.2.608/lib/ble_core/Release/libblelib.a(llm_util.o)
                0x001042b8                llm_util_check_evt_mask
 .text.llm_util_get_supp_features
                0x001042d4       0x10 C:/Users/Vishwas/ON_Semiconductor/PACK/ONSemiconductor/RSL10/3.2.608/lib/ble_core/Release/libblelib.a(llm_util.o)
                0x001042d4                llm_util_get_supp_features
 .text.llm_util_get_default_phy
                0x001042e4       0x2c C:/Users/Vishwas/ON_Semiconductor/PACK/ONSemiconductor/RSL10/3.2.608/lib/ble_core/Release/libblelib.a(llm_util.o)
                0x001042e4                llm_util_get_default_phy
 .text.lld_con_param_rsp
                0x00104310      0x102 C:/Users/Vishwas/ON_Semiconductor/PACK/ONSemiconductor/RSL10/3.2.608/lib/ble_core/Release/libblelib.a(lld.o)
                0x00104310                lld_con_param_rsp
 .text.lld_con_stop
                0x00104412        0x8 C:/Users/Vishwas/ON_Semiconductor/PACK/ONSemiconductor/RSL10/3.2.608/lib/ble_core/Release/libblelib.a(lld.o)
                0x00104412                lld_con_stop
 *fill*         0x0010441a        0x2 
 .text.lld_get_mode
                0x0010441c       0x28 C:/Users/Vishwas/ON_Semiconductor/PACK/ONSemiconductor/RSL10/3.2.608/lib/ble_core/Release/libblelib.a(lld.o)
                0x0010441c                lld_get_mode
 .text.lld_ch_map_ind
                0x00104444       0x46 C:/Users/Vishwas/ON_Semiconductor/PACK/ONSemiconductor/RSL10/3.2.608/lib/ble_core/Release/libblelib.a(lld.o)
                0x00104444                lld_ch_map_ind
 .text.lld_con_update_ind
                0x0010448a        0xa C:/Users/Vishwas/ON_Semiconductor/PACK/ONSemiconductor/RSL10/3.2.608/lib/ble_core/Release/libblelib.a(lld.o)
                0x0010448a                lld_con_update_ind
 .text.lld_crypt_isr
                0x00104494        0x6 C:/Users/Vishwas/ON_Semiconductor/PACK/ONSemiconductor/RSL10/3.2.608/lib/ble_core/Release/libblelib.a(lld.o)
                0x00104494                lld_crypt_isr
 .text.lld_pdu_llcp_con_param_req_unpk
                0x0010449a       0xcc C:/Users/Vishwas/ON_Semiconductor/PACK/ONSemiconductor/RSL10/3.2.608/lib/ble_core/Release/libblelib.a(lld_pdu.o)
 .text.lld_pdu_llcp_con_param_rsp_unpk
                0x00104566       0xcc C:/Users/Vishwas/ON_Semiconductor/PACK/ONSemiconductor/RSL10/3.2.608/lib/ble_core/Release/libblelib.a(lld_pdu.o)
 .text.lld_pdu_llcp_length_req_unpk
                0x00104632       0x3e C:/Users/Vishwas/ON_Semiconductor/PACK/ONSemiconductor/RSL10/3.2.608/lib/ble_core/Release/libblelib.a(lld_pdu.o)
 .text.lld_pdu_llcp_length_rsp_unpk
                0x00104670       0x3e C:/Users/Vishwas/ON_Semiconductor/PACK/ONSemiconductor/RSL10/3.2.608/lib/ble_core/Release/libblelib.a(lld_pdu.o)
 .text.lld_pdu_llcp_phy_upd_req_unpk
                0x001046ae       0x2e C:/Users/Vishwas/ON_Semiconductor/PACK/ONSemiconductor/RSL10/3.2.608/lib/ble_core/Release/libblelib.a(lld_pdu.o)
 .text.lld_pdu_cntl_aligned_unpk
                0x001046dc       0x16 C:/Users/Vishwas/ON_Semiconductor/PACK/ONSemiconductor/RSL10/3.2.608/lib/ble_core/Release/libblelib.a(lld_pdu.o)
 *fill*         0x001046f2        0x2 
 .text.lld_pdu_rx_handler
                0x001046f4      0x2cc C:/Users/Vishwas/ON_Semiconductor/PACK/ONSemiconductor/RSL10/3.2.608/lib/ble_core/Release/libblelib.a(lld_pdu.o)
                0x001046f4                lld_pdu_rx_handler
 .text.lld_util_get_local_offset
                0x001049c0       0x16 C:/Users/Vishwas/ON_Semiconductor/PACK/ONSemiconductor/RSL10/3.2.608/lib/ble_core/Release/libblelib.a(lld_util.o)
                0x001049c0                lld_util_get_local_offset
 .text.lld_util_get_peer_offset
                0x001049d6       0x18 C:/Users/Vishwas/ON_Semiconductor/PACK/ONSemiconductor/RSL10/3.2.608/lib/ble_core/Release/libblelib.a(lld_util.o)
                0x001049d6                lld_util_get_peer_offset
 .text.lld_util_instant_ongoing
                0x001049ee        0xc C:/Users/Vishwas/ON_Semiconductor/PACK/ONSemiconductor/RSL10/3.2.608/lib/ble_core/Release/libblelib.a(lld_util.o)
                0x001049ee                lld_util_instant_ongoing
 *fill*         0x001049fa        0x2 
 .text.lld_util_compute_ce_max
                0x001049fc       0xa8 C:/Users/Vishwas/ON_Semiconductor/PACK/ONSemiconductor/RSL10/3.2.608/lib/ble_core/Release/libblelib.a(lld_util.o)
                0x001049fc                lld_util_compute_ce_max
 .text.lld_util_priority_set
                0x00104aa4       0x48 C:/Users/Vishwas/ON_Semiconductor/PACK/ONSemiconductor/RSL10/3.2.608/lib/ble_core/Release/libblelib.a(lld_util.o)
                0x00104aa4                lld_util_priority_set
 .text.lld_util_get_tx_pkt_cnt
                0x00104aec        0x6 C:/Users/Vishwas/ON_Semiconductor/PACK/ONSemiconductor/RSL10/3.2.608/lib/ble_core/Release/libblelib.a(lld_util.o)
                0x00104aec                lld_util_get_tx_pkt_cnt
 *fill*         0x00104af2        0x2 
 .text.lld_util_get_phys
                0x00104af4       0x34 C:/Users/Vishwas/ON_Semiconductor/PACK/ONSemiconductor/RSL10/3.2.608/lib/ble_core/Release/libblelib.a(lld_util.o)
                0x00104af4                lld_util_get_phys
 .text.lld_util_phy_update_ind
                0x00104b28       0x74 C:/Users/Vishwas/ON_Semiconductor/PACK/ONSemiconductor/RSL10/3.2.608/lib/ble_core/Release/libblelib.a(lld_util.o)
                0x00104b28                lld_util_phy_update_ind
 .text.lld_util_phy_update_req
                0x00104b9c       0x5c C:/Users/Vishwas/ON_Semiconductor/PACK/ONSemiconductor/RSL10/3.2.608/lib/ble_core/Release/libblelib.a(lld_util.o)
                0x00104b9c                lld_util_phy_update_req
 .text.lld_util_eff_tx_time_set
                0x00104bf8        0xa C:/Users/Vishwas/ON_Semiconductor/PACK/ONSemiconductor/RSL10/3.2.608/lib/ble_core/Release/libblelib.a(lld_util.o)
                0x00104bf8                lld_util_eff_tx_time_set
 *fill*         0x00104c02        0x2 
 .text.lld_util_max_lat_compute
                0x00104c04       0x80 C:/Users/Vishwas/ON_Semiconductor/PACK/ONSemiconductor/RSL10/3.2.608/lib/ble_core/Release/libblelib.a(lld_util.o)
                0x00104c04                lld_util_max_lat_compute
 .text.llc_con_update_complete_send
                0x00104c84       0x60 C:/Users/Vishwas/ON_Semiconductor/PACK/ONSemiconductor/RSL10/3.2.608/lib/ble_core/Release/libblelib.a(llc.o)
                0x00104c84                llc_con_update_complete_send
 .text.llc_feats_rd_event_send
                0x00104ce4       0x38 C:/Users/Vishwas/ON_Semiconductor/PACK/ONSemiconductor/RSL10/3.2.608/lib/ble_core/Release/libblelib.a(llc.o)
                0x00104ce4                llc_feats_rd_event_send
 .text.llc_version_rd_event_send
                0x00104d1c       0x3c C:/Users/Vishwas/ON_Semiconductor/PACK/ONSemiconductor/RSL10/3.2.608/lib/ble_core/Release/libblelib.a(llc.o)
                0x00104d1c                llc_version_rd_event_send
 .text.llc_common_enc_key_ref_comp_evt_send
                0x00104d58       0x20 C:/Users/Vishwas/ON_Semiconductor/PACK/ONSemiconductor/RSL10/3.2.608/lib/ble_core/Release/libblelib.a(llc.o)
                0x00104d58                llc_common_enc_key_ref_comp_evt_send
 .text.llc_common_enc_change_evt_send
                0x00104d78       0x78 C:/Users/Vishwas/ON_Semiconductor/PACK/ONSemiconductor/RSL10/3.2.608/lib/ble_core/Release/libblelib.a(llc.o)
                0x00104d78                llc_common_enc_change_evt_send
 .text.llc_lsto_con_update
                0x00104df0       0x40 C:/Users/Vishwas/ON_Semiconductor/PACK/ONSemiconductor/RSL10/3.2.608/lib/ble_core/Release/libblelib.a(llc.o)
                0x00104df0                llc_lsto_con_update
 .text.llc_map_update_ind
                0x00104e30       0x6c C:/Users/Vishwas/ON_Semiconductor/PACK/ONSemiconductor/RSL10/3.2.608/lib/ble_core/Release/libblelib.a(llc.o)
                0x00104e30                llc_map_update_ind
 .text.llc_llcp_send
                0x00104e9c       0x8c C:/Users/Vishwas/ON_Semiconductor/PACK/ONSemiconductor/RSL10/3.2.608/lib/ble_core/Release/libblelib.a(llc_llcp.o)
 .text.llcp_ping_rsp_handler
                0x00104f28       0x54 C:/Users/Vishwas/ON_Semiconductor/PACK/ONSemiconductor/RSL10/3.2.608/lib/ble_core/Release/libblelib.a(llc_llcp.o)
 .text.llcp_enc_rsp_handler
                0x00104f7c       0xe0 C:/Users/Vishwas/ON_Semiconductor/PACK/ONSemiconductor/RSL10/3.2.608/lib/ble_core/Release/libblelib.a(llc_llcp.o)
 .text.llcp_terminate_ind_handler
                0x0010505c       0x4c C:/Users/Vishwas/ON_Semiconductor/PACK/ONSemiconductor/RSL10/3.2.608/lib/ble_core/Release/libblelib.a(llc_llcp.o)
 .text.llc_llcp_reject_ind
                0x001050a8      0x218 C:/Users/Vishwas/ON_Semiconductor/PACK/ONSemiconductor/RSL10/3.2.608/lib/ble_core/Release/libblelib.a(llc_llcp.o)
 .text.llcp_reject_ind_ext_handler
                0x001052c0        0xe C:/Users/Vishwas/ON_Semiconductor/PACK/ONSemiconductor/RSL10/3.2.608/lib/ble_core/Release/libblelib.a(llc_llcp.o)
 .text.llcp_reject_ind_handler
                0x001052ce        0xe C:/Users/Vishwas/ON_Semiconductor/PACK/ONSemiconductor/RSL10/3.2.608/lib/ble_core/Release/libblelib.a(llc_llcp.o)
 .text.llcp_pause_enc_req_handler
                0x001052dc       0xb0 C:/Users/Vishwas/ON_Semiconductor/PACK/ONSemiconductor/RSL10/3.2.608/lib/ble_core/Release/libblelib.a(llc_llcp.o)
 .text.llcp_start_enc_req_handler
                0x0010538c       0x68 C:/Users/Vishwas/ON_Semiconductor/PACK/ONSemiconductor/RSL10/3.2.608/lib/ble_core/Release/libblelib.a(llc_llcp.o)
 .text.llcp_enc_req_handler
                0x001053f4       0xbc C:/Users/Vishwas/ON_Semiconductor/PACK/ONSemiconductor/RSL10/3.2.608/lib/ble_core/Release/libblelib.a(llc_llcp.o)
 .text.llcp_unknown_rsp_handler
                0x001054b0      0x23c C:/Users/Vishwas/ON_Semiconductor/PACK/ONSemiconductor/RSL10/3.2.608/lib/ble_core/Release/libblelib.a(llc_llcp.o)
 .text.llc_llcp_version_ind_pdu_send
                0x001056ec       0x24 C:/Users/Vishwas/ON_Semiconductor/PACK/ONSemiconductor/RSL10/3.2.608/lib/ble_core/Release/libblelib.a(llc_llcp.o)
                0x001056ec                llc_llcp_version_ind_pdu_send
 .text.llcp_vers_ind_handler
                0x00105710       0x94 C:/Users/Vishwas/ON_Semiconductor/PACK/ONSemiconductor/RSL10/3.2.608/lib/ble_core/Release/libblelib.a(llc_llcp.o)
 .text.llc_llcp_pause_enc_rsp_pdu_send
                0x001057a4       0x40 C:/Users/Vishwas/ON_Semiconductor/PACK/ONSemiconductor/RSL10/3.2.608/lib/ble_core/Release/libblelib.a(llc_llcp.o)
                0x001057a4                llc_llcp_pause_enc_rsp_pdu_send
 .text.llcp_pause_enc_rsp_handler
                0x001057e4       0xd4 C:/Users/Vishwas/ON_Semiconductor/PACK/ONSemiconductor/RSL10/3.2.608/lib/ble_core/Release/libblelib.a(llc_llcp.o)
 .text.llc_llcp_start_enc_rsp_pdu_send
                0x001058b8       0x16 C:/Users/Vishwas/ON_Semiconductor/PACK/ONSemiconductor/RSL10/3.2.608/lib/ble_core/Release/libblelib.a(llc_llcp.o)
                0x001058b8                llc_llcp_start_enc_rsp_pdu_send
 *fill*         0x001058ce        0x2 
 .text.llcp_start_enc_rsp_handler
                0x001058d0      0x10c C:/Users/Vishwas/ON_Semiconductor/PACK/ONSemiconductor/RSL10/3.2.608/lib/ble_core/Release/libblelib.a(llc_llcp.o)
 .text.llc_llcp_reject_ind_pdu_send
                0x001059dc       0x5c C:/Users/Vishwas/ON_Semiconductor/PACK/ONSemiconductor/RSL10/3.2.608/lib/ble_core/Release/libblelib.a(llc_llcp.o)
                0x001059dc                llc_llcp_reject_ind_pdu_send
 .text.llcp_phy_upd_ind_handler
                0x00105a38      0x1e8 C:/Users/Vishwas/ON_Semiconductor/PACK/ONSemiconductor/RSL10/3.2.608/lib/ble_core/Release/libblelib.a(llc_llcp.o)
 .text.llcp_phy_rsp_handler
                0x00105c20       0x6c C:/Users/Vishwas/ON_Semiconductor/PACK/ONSemiconductor/RSL10/3.2.608/lib/ble_core/Release/libblelib.a(llc_llcp.o)
 .text.llcp_length_rsp_handler
                0x00105c8c      0x13c C:/Users/Vishwas/ON_Semiconductor/PACK/ONSemiconductor/RSL10/3.2.608/lib/ble_core/Release/libblelib.a(llc_llcp.o)
 .text.llcp_con_param_rsp_handler
                0x00105dc8       0xf0 C:/Users/Vishwas/ON_Semiconductor/PACK/ONSemiconductor/RSL10/3.2.608/lib/ble_core/Release/libblelib.a(llc_llcp.o)
 .text.llcp_feats_rsp_handler
                0x00105eb8       0xa4 C:/Users/Vishwas/ON_Semiconductor/PACK/ONSemiconductor/RSL10/3.2.608/lib/ble_core/Release/libblelib.a(llc_llcp.o)
 .text.llcp_channel_map_ind_handler
                0x00105f5c      0x128 C:/Users/Vishwas/ON_Semiconductor/PACK/ONSemiconductor/RSL10/3.2.608/lib/ble_core/Release/libblelib.a(llc_llcp.o)
 .text.llcp_con_upd_ind_handler
                0x00106084      0x178 C:/Users/Vishwas/ON_Semiconductor/PACK/ONSemiconductor/RSL10/3.2.608/lib/ble_core/Release/libblelib.a(llc_llcp.o)
 .text.llc_llcp_con_param_rsp_pdu_send
                0x001061fc       0x60 C:/Users/Vishwas/ON_Semiconductor/PACK/ONSemiconductor/RSL10/3.2.608/lib/ble_core/Release/libblelib.a(llc_llcp.o)
                0x001061fc                llc_llcp_con_param_rsp_pdu_send
 .text.llcp_con_param_req_handler
                0x0010625c      0x208 C:/Users/Vishwas/ON_Semiconductor/PACK/ONSemiconductor/RSL10/3.2.608/lib/ble_core/Release/libblelib.a(llc_llcp.o)
 .text.llc_llcp_feats_rsp_pdu_send
                0x00106464       0x2e C:/Users/Vishwas/ON_Semiconductor/PACK/ONSemiconductor/RSL10/3.2.608/lib/ble_core/Release/libblelib.a(llc_llcp.o)
                0x00106464                llc_llcp_feats_rsp_pdu_send
 *fill*         0x00106492        0x2 
 .text.llcp_slave_feature_req_handler
                0x00106494       0x54 C:/Users/Vishwas/ON_Semiconductor/PACK/ONSemiconductor/RSL10/3.2.608/lib/ble_core/Release/libblelib.a(llc_llcp.o)
 .text.llcp_feats_req_handler
                0x001064e8       0x64 C:/Users/Vishwas/ON_Semiconductor/PACK/ONSemiconductor/RSL10/3.2.608/lib/ble_core/Release/libblelib.a(llc_llcp.o)
 .text.llc_llcp_unknown_rsp_send_pdu
                0x0010654c       0x1a C:/Users/Vishwas/ON_Semiconductor/PACK/ONSemiconductor/RSL10/3.2.608/lib/ble_core/Release/libblelib.a(llc_llcp.o)
                0x0010654c                llc_llcp_unknown_rsp_send_pdu
 .text.llc_llcp_ping_rsp_pdu_send
                0x00106566       0x16 C:/Users/Vishwas/ON_Semiconductor/PACK/ONSemiconductor/RSL10/3.2.608/lib/ble_core/Release/libblelib.a(llc_llcp.o)
                0x00106566                llc_llcp_ping_rsp_pdu_send
 .text.llcp_ping_req_handler
                0x0010657c       0x24 C:/Users/Vishwas/ON_Semiconductor/PACK/ONSemiconductor/RSL10/3.2.608/lib/ble_core/Release/libblelib.a(llc_llcp.o)
 .text.llc_llcp_length_rsp_pdu_send
                0x001065a0       0x40 C:/Users/Vishwas/ON_Semiconductor/PACK/ONSemiconductor/RSL10/3.2.608/lib/ble_core/Release/libblelib.a(llc_llcp.o)
                0x001065a0                llc_llcp_length_rsp_pdu_send
 .text.llcp_length_req_handler
                0x001065e0      0x118 C:/Users/Vishwas/ON_Semiconductor/PACK/ONSemiconductor/RSL10/3.2.608/lib/ble_core/Release/libblelib.a(llc_llcp.o)
 .text.llc_llcp_phy_rsp_pdu_send
                0x001066f8       0x22 C:/Users/Vishwas/ON_Semiconductor/PACK/ONSemiconductor/RSL10/3.2.608/lib/ble_core/Release/libblelib.a(llc_llcp.o)
                0x001066f8                llc_llcp_phy_rsp_pdu_send
 *fill*         0x0010671a        0x2 
 .text.llcp_phy_req_handler
                0x0010671c      0x1ac C:/Users/Vishwas/ON_Semiconductor/PACK/ONSemiconductor/RSL10/3.2.608/lib/ble_core/Release/libblelib.a(llc_llcp.o)
 .text.llc_llcp_recv_handler
                0x001068c8       0x94 C:/Users/Vishwas/ON_Semiconductor/PACK/ONSemiconductor/RSL10/3.2.608/lib/ble_core/Release/libblelib.a(llc_llcp.o)
                0x001068c8                llc_llcp_recv_handler
 .text.llc_util_dicon_procedure
                0x0010695c       0x3c C:/Users/Vishwas/ON_Semiconductor/PACK/ONSemiconductor/RSL10/3.2.608/lib/ble_core/Release/libblelib.a(llc_util.o)
                0x0010695c                llc_util_dicon_procedure
 .text.llc_util_clear_operation_ptr
                0x00106998       0x20 C:/Users/Vishwas/ON_Semiconductor/PACK/ONSemiconductor/RSL10/3.2.608/lib/ble_core/Release/libblelib.a(llc_util.o)
                0x00106998                llc_util_clear_operation_ptr
 .text.llc_start_enc_tx
                0x001069b8       0x64 C:/Users/Vishwas/ON_Semiconductor/PACK/ONSemiconductor/RSL10/3.2.608/lib/ble_core/Release/libblelib.a(llc_util.o)
                0x001069b8                llc_start_enc_tx
 .text.llc_start_enc_rx
                0x00106a1c       0x68 C:/Users/Vishwas/ON_Semiconductor/PACK/ONSemiconductor/RSL10/3.2.608/lib/ble_core/Release/libblelib.a(llc_util.o)
                0x00106a1c                llc_start_enc_rx
 .text.em_buf_rx_free
                0x00106a84       0x14 C:/Users/Vishwas/ON_Semiconductor/PACK/ONSemiconductor/RSL10/3.2.608/lib/ble_core/Release/libblelib.a(em_buf.o)
                0x00106a84                em_buf_rx_free
 .text.ea_conflict_check
                0x00106a98       0xa4 C:/Users/Vishwas/ON_Semiconductor/PACK/ONSemiconductor/RSL10/3.2.608/lib/ble_core/Release/libblelib.a(ea.o)
 .text.ea_elt_cancel
                0x00106b3c      0x110 C:/Users/Vishwas/ON_Semiconductor/PACK/ONSemiconductor/RSL10/3.2.608/lib/ble_core/Release/libblelib.a(ea.o)
                0x00106b3c                ea_elt_cancel
 .text.ea_elt_create
                0x00106c4c       0x1e C:/Users/Vishwas/ON_Semiconductor/PACK/ONSemiconductor/RSL10/3.2.608/lib/ble_core/Release/libblelib.a(ea.o)
                0x00106c4c                ea_elt_create
 *fill*         0x00106c6a        0x2 
 .text.ea_sw_isr
                0x00106c6c       0x24 C:/Users/Vishwas/ON_Semiconductor/PACK/ONSemiconductor/RSL10/3.2.608/lib/ble_core/Release/libblelib.a(ea.o)
                0x00106c6c                ea_sw_isr
 .text.ea_offset_req
                0x00106c90      0x194 C:/Users/Vishwas/ON_Semiconductor/PACK/ONSemiconductor/RSL10/3.2.608/lib/ble_core/Release/libblelib.a(ea.o)
                0x00106c90                ea_offset_req
 .text.ea_time_get_slot_rounded
                0x00106e24       0x28 C:/Users/Vishwas/ON_Semiconductor/PACK/ONSemiconductor/RSL10/3.2.608/lib/ble_core/Release/libblelib.a(ea.o)
                0x00106e24                ea_time_get_slot_rounded
 .text.ea_prog_timer
                0x00106e4c      0x114 C:/Users/Vishwas/ON_Semiconductor/PACK/ONSemiconductor/RSL10/3.2.608/lib/ble_core/Release/libblelib.a(ea.o)
 .text.ea_elt_insert
                0x00106f60      0x200 C:/Users/Vishwas/ON_Semiconductor/PACK/ONSemiconductor/RSL10/3.2.608/lib/ble_core/Release/libblelib.a(ea.o)
                0x00106f60                ea_elt_insert
 .text.ea_elt_remove
                0x00107160       0x54 C:/Users/Vishwas/ON_Semiconductor/PACK/ONSemiconductor/RSL10/3.2.608/lib/ble_core/Release/libblelib.a(ea.o)
                0x00107160                ea_elt_remove
 .text.ea_finetimer_isr
                0x001071b4       0xc4 C:/Users/Vishwas/ON_Semiconductor/PACK/ONSemiconductor/RSL10/3.2.608/lib/ble_core/Release/libblelib.a(ea.o)
                0x001071b4                ea_finetimer_isr
 .text.ea_interval_duration_req
                0x00107278       0x9c C:/Users/Vishwas/ON_Semiconductor/PACK/ONSemiconductor/RSL10/3.2.608/lib/ble_core/Release/libblelib.a(ea.o)
                0x00107278                ea_interval_duration_req
 .text.ke_init  0x00107314       0x34 C:/Users/Vishwas/ON_Semiconductor/PACK/ONSemiconductor/RSL10/3.2.608/lib/ble_core/Release/libkelib.a(ke.o)
                0x00107314                ke_init
 .text.ke_event_init
                0x00107348       0x10 C:/Users/Vishwas/ON_Semiconductor/PACK/ONSemiconductor/RSL10/3.2.608/lib/ble_core/Release/libkelib.a(ke_event.o)
                0x00107348                ke_event_init
 .text.ke_event_callback_set
                0x00107358       0x18 C:/Users/Vishwas/ON_Semiconductor/PACK/ONSemiconductor/RSL10/3.2.608/lib/ble_core/Release/libkelib.a(ke_event.o)
                0x00107358                ke_event_callback_set
 .text.ke_event_set
                0x00107370       0x1c C:/Users/Vishwas/ON_Semiconductor/PACK/ONSemiconductor/RSL10/3.2.608/lib/ble_core/Release/libkelib.a(ke_event.o)
                0x00107370                ke_event_set
 .text.ke_event_clear
                0x0010738c       0x20 C:/Users/Vishwas/ON_Semiconductor/PACK/ONSemiconductor/RSL10/3.2.608/lib/ble_core/Release/libkelib.a(ke_event.o)
                0x0010738c                ke_event_clear
 .text.ke_event_schedule
                0x001073ac       0x28 C:/Users/Vishwas/ON_Semiconductor/PACK/ONSemiconductor/RSL10/3.2.608/lib/ble_core/Release/libkelib.a(ke_event.o)
                0x001073ac                ke_event_schedule
 .text.ke_mem_init
                0x001073d4       0x3c C:/Users/Vishwas/ON_Semiconductor/PACK/ONSemiconductor/RSL10/3.2.608/lib/ble_core/Release/libkelib.a(ke_mem.o)
                0x001073d4                ke_mem_init
 .text.ke_malloc
                0x00107410       0xa0 C:/Users/Vishwas/ON_Semiconductor/PACK/ONSemiconductor/RSL10/3.2.608/lib/ble_core/Release/libkelib.a(ke_mem.o)
                0x00107410                ke_malloc
 .text.ke_free  0x001074b0       0xc0 C:/Users/Vishwas/ON_Semiconductor/PACK/ONSemiconductor/RSL10/3.2.608/lib/ble_core/Release/libkelib.a(ke_mem.o)
                0x001074b0                ke_free
 .text.ke_is_free
                0x00107570       0x10 C:/Users/Vishwas/ON_Semiconductor/PACK/ONSemiconductor/RSL10/3.2.608/lib/ble_core/Release/libkelib.a(ke_mem.o)
                0x00107570                ke_is_free
 .text.ke_msg_alloc
                0x00107580       0x34 C:/Users/Vishwas/ON_Semiconductor/PACK/ONSemiconductor/RSL10/3.2.608/lib/ble_core/Release/libkelib.a(ke_msg.o)
                0x00107580                ke_msg_alloc
 .text.ke_msg_send
                0x001075b4       0x20 C:/Users/Vishwas/ON_Semiconductor/PACK/ONSemiconductor/RSL10/3.2.608/lib/ble_core/Release/libkelib.a(ke_msg.o)
                0x001075b4                ke_msg_send
 .text.ke_msg_send_basic
                0x001075d4       0x10 C:/Users/Vishwas/ON_Semiconductor/PACK/ONSemiconductor/RSL10/3.2.608/lib/ble_core/Release/libkelib.a(ke_msg.o)
                0x001075d4                ke_msg_send_basic
 .text.ke_msg_free
                0x001075e4        0x4 C:/Users/Vishwas/ON_Semiconductor/PACK/ONSemiconductor/RSL10/3.2.608/lib/ble_core/Release/libkelib.a(ke_msg.o)
                0x001075e4                ke_msg_free
 .text.cmp_dest_id
                0x001075e8        0xa C:/Users/Vishwas/ON_Semiconductor/PACK/ONSemiconductor/RSL10/3.2.608/lib/ble_core/Release/libkelib.a(ke_task.o)
 .text.ke_handler_search
                0x001075f2       0x2c C:/Users/Vishwas/ON_Semiconductor/PACK/ONSemiconductor/RSL10/3.2.608/lib/ble_core/Release/libkelib.a(ke_task.o)
 *fill*         0x0010761e        0x2 
 .text.ke_task_schedule
                0x00107620       0xa4 C:/Users/Vishwas/ON_Semiconductor/PACK/ONSemiconductor/RSL10/3.2.608/lib/ble_core/Release/libkelib.a(ke_task.o)
 .text.ke_task_init
                0x001076c4       0x20 C:/Users/Vishwas/ON_Semiconductor/PACK/ONSemiconductor/RSL10/3.2.608/lib/ble_core/Release/libkelib.a(ke_task.o)
                0x001076c4                ke_task_init
 .text.ke_task_create
                0x001076e4       0x24 C:/Users/Vishwas/ON_Semiconductor/PACK/ONSemiconductor/RSL10/3.2.608/lib/ble_core/Release/libkelib.a(ke_task.o)
                0x001076e4                ke_task_create
 .text.ke_state_set
                0x00107708       0x60 C:/Users/Vishwas/ON_Semiconductor/PACK/ONSemiconductor/RSL10/3.2.608/lib/ble_core/Release/libkelib.a(ke_task.o)
                0x00107708                ke_state_set
 .text.ke_state_get
                0x00107768       0x28 C:/Users/Vishwas/ON_Semiconductor/PACK/ONSemiconductor/RSL10/3.2.608/lib/ble_core/Release/libkelib.a(ke_task.o)
                0x00107768                ke_state_get
 .text.cmp_abs_time
                0x00107790        0xc C:/Users/Vishwas/ON_Semiconductor/PACK/ONSemiconductor/RSL10/3.2.608/lib/ble_core/Release/libkelib.a(ke_timer.o)
 .text.cmp_timer_id
                0x0010779c       0x18 C:/Users/Vishwas/ON_Semiconductor/PACK/ONSemiconductor/RSL10/3.2.608/lib/ble_core/Release/libkelib.a(ke_timer.o)
 .text.ke_timer_hw_set
                0x001077b4       0x34 C:/Users/Vishwas/ON_Semiconductor/PACK/ONSemiconductor/RSL10/3.2.608/lib/ble_core/Release/libkelib.a(ke_timer.o)
 .text.ke_timer_schedule
                0x001077e8       0x68 C:/Users/Vishwas/ON_Semiconductor/PACK/ONSemiconductor/RSL10/3.2.608/lib/ble_core/Release/libkelib.a(ke_timer.o)
 .text.ke_timer_init
                0x00107850        0xc C:/Users/Vishwas/ON_Semiconductor/PACK/ONSemiconductor/RSL10/3.2.608/lib/ble_core/Release/libkelib.a(ke_timer.o)
                0x00107850                ke_timer_init
 .text.ke_timer_set
                0x0010785c       0xac C:/Users/Vishwas/ON_Semiconductor/PACK/ONSemiconductor/RSL10/3.2.608/lib/ble_core/Release/libkelib.a(ke_timer.o)
                0x0010785c                ke_timer_set
 .text.ke_timer_clear
                0x00107908       0x68 C:/Users/Vishwas/ON_Semiconductor/PACK/ONSemiconductor/RSL10/3.2.608/lib/ble_core/Release/libkelib.a(ke_timer.o)
                0x00107908                ke_timer_clear
 .text.platform_reset
                0x00107970       0x30 C:/Users/Vishwas/ON_Semiconductor/PACK/ONSemiconductor/RSL10/3.2.608/lib/ble_core/Release/libkelib.a(rst_grosstime.o)
                0x00107970                platform_reset
 .text.ea_time_get_halfslot_rounded
                0x001079a0       0x18 C:/Users/Vishwas/ON_Semiconductor/PACK/ONSemiconductor/RSL10/3.2.608/lib/ble_core/Release/libkelib.a(rst_grosstime.o)
                0x001079a0                ea_time_get_halfslot_rounded
 .text.lld_evt_timer_isr
                0x001079b8        0x6 C:/Users/Vishwas/ON_Semiconductor/PACK/ONSemiconductor/RSL10/3.2.608/lib/ble_core/Release/libkelib.a(rst_grosstime.o)
                0x001079b8                lld_evt_timer_isr
 *fill*         0x001079be        0x2 
 .text.grosstimer_isr
                0x001079c0       0x20 C:/Users/Vishwas/ON_Semiconductor/PACK/ONSemiconductor/RSL10/3.2.608/lib/ble_core/Release/libkelib.a(rst_grosstime.o)
                0x001079c0                grosstimer_isr
                0x001079c0                BLE_GROSSTGTIM_IRQHandler
 .text.Kernel_Init
                0x001079e0       0x5c C:/Users/Vishwas/ON_Semiconductor/PACK/ONSemiconductor/RSL10/3.2.608/lib/ble_core/Release/libkelib.a(rwip2.o)
                0x001079e0                Kernel_Init
 .text.Kernel_Schedule
                0x00107a3c       0x14 C:/Users/Vishwas/ON_Semiconductor/PACK/ONSemiconductor/RSL10/3.2.608/lib/ble_core/Release/libkelib.a(rwip2.o)
                0x00107a3c                Kernel_Schedule
 .text.co_list_init
                0x00107a50        0x8 C:/Users/Vishwas/ON_Semiconductor/PACK/ONSemiconductor/RSL10/3.2.608/lib/ble_core/Release/libkelib.a(co_list.o)
                0x00107a50                co_list_init
 .text.co_list_push_back
                0x00107a58       0x14 C:/Users/Vishwas/ON_Semiconductor/PACK/ONSemiconductor/RSL10/3.2.608/lib/ble_core/Release/libkelib.a(co_list.o)
                0x00107a58                co_list_push_back
 .text.co_list_push_front
                0x00107a6c        0xc C:/Users/Vishwas/ON_Semiconductor/PACK/ONSemiconductor/RSL10/3.2.608/lib/ble_core/Release/libkelib.a(co_list.o)
                0x00107a6c                co_list_push_front
 .text.co_list_pop_front
                0x00107a78       0x10 C:/Users/Vishwas/ON_Semiconductor/PACK/ONSemiconductor/RSL10/3.2.608/lib/ble_core/Release/libkelib.a(co_list.o)
                0x00107a78                co_list_pop_front
 .text.co_list_extract
                0x00107a88       0x36 C:/Users/Vishwas/ON_Semiconductor/PACK/ONSemiconductor/RSL10/3.2.608/lib/ble_core/Release/libkelib.a(co_list.o)
                0x00107a88                co_list_extract
 .text.co_list_extract_after
                0x00107abe       0x18 C:/Users/Vishwas/ON_Semiconductor/PACK/ONSemiconductor/RSL10/3.2.608/lib/ble_core/Release/libkelib.a(co_list.o)
                0x00107abe                co_list_extract_after
 .text.co_list_find
                0x00107ad6       0x12 C:/Users/Vishwas/ON_Semiconductor/PACK/ONSemiconductor/RSL10/3.2.608/lib/ble_core/Release/libkelib.a(co_list.o)
                0x00107ad6                co_list_find
 .text.co_list_insert_after
                0x00107ae8       0x22 C:/Users/Vishwas/ON_Semiconductor/PACK/ONSemiconductor/RSL10/3.2.608/lib/ble_core/Release/libkelib.a(co_list.o)
                0x00107ae8                co_list_insert_after
 .text.ke_queue_extract
                0x00107b0a       0x3a C:/Users/Vishwas/ON_Semiconductor/PACK/ONSemiconductor/RSL10/3.2.608/lib/ble_core/Release/libkelib.a(ke_queue.o)
                0x00107b0a                ke_queue_extract
 .text.ke_queue_insert
                0x00107b44       0x2e C:/Users/Vishwas/ON_Semiconductor/PACK/ONSemiconductor/RSL10/3.2.608/lib/ble_core/Release/libkelib.a(ke_queue.o)
                0x00107b44                ke_queue_insert
 .text._GetAvailWriteSpace
                0x00107b72       0x1c C:/Users/Vishwas/ON_Semiconductor/PACK/ONSemiconductor/BDK/1.12.1/lib/libRTT.a(SEGGER_RTT.o)
 .text._WriteNoCheck
                0x00107b8e       0x3c C:/Users/Vishwas/ON_Semiconductor/PACK/ONSemiconductor/BDK/1.12.1/lib/libRTT.a(SEGGER_RTT.o)
 .text._WriteBlocking
                0x00107bca       0x52 C:/Users/Vishwas/ON_Semiconductor/PACK/ONSemiconductor/BDK/1.12.1/lib/libRTT.a(SEGGER_RTT.o)
 .text._DoInit  0x00107c1c       0x60 C:/Users/Vishwas/ON_Semiconductor/PACK/ONSemiconductor/BDK/1.12.1/lib/libRTT.a(SEGGER_RTT.o)
 .text.SEGGER_RTT_WriteNoLock
                0x00107c7c       0x68 C:/Users/Vishwas/ON_Semiconductor/PACK/ONSemiconductor/BDK/1.12.1/lib/libRTT.a(SEGGER_RTT.o)
                0x00107c7c                SEGGER_RTT_WriteNoLock
 .text.SEGGER_RTT_Write
                0x00107ce4       0x34 C:/Users/Vishwas/ON_Semiconductor/PACK/ONSemiconductor/BDK/1.12.1/lib/libRTT.a(SEGGER_RTT.o)
                0x00107ce4                SEGGER_RTT_Write
 .text          0x00107d18      0x378 c:/program files (x86)/on semiconductor/ide_v3.2.2.13/arm_tools/bin/../lib/gcc/arm-none-eabi/8.3.1/thumb/v7-m/nofp\libgcc.a(_arm_addsubdf3.o)
                0x00107d18                __aeabi_drsub
                0x00107d20                __aeabi_dsub
                0x00107d20                __subdf3
                0x00107d24                __aeabi_dadd
                0x00107d24                __adddf3
                0x00107f9c                __floatunsidf
                0x00107f9c                __aeabi_ui2d
                0x00107fbc                __floatsidf
                0x00107fbc                __aeabi_i2d
                0x00107fe0                __aeabi_f2d
                0x00107fe0                __extendsfdf2
                0x00108024                __floatundidf
                0x00108024                __aeabi_ul2d
                0x00108034                __floatdidf
                0x00108034                __aeabi_l2d
 .text          0x00108090      0x424 c:/program files (x86)/on semiconductor/ide_v3.2.2.13/arm_tools/bin/../lib/gcc/arm-none-eabi/8.3.1/thumb/v7-m/nofp\libgcc.a(_arm_muldivdf3.o)
                0x00108090                __aeabi_dmul
                0x00108090                __muldf3
                0x001082e4                __divdf3
                0x001082e4                __aeabi_ddiv
 .text          0x001084b4      0x110 c:/program files (x86)/on semiconductor/ide_v3.2.2.13/arm_tools/bin/../lib/gcc/arm-none-eabi/8.3.1/thumb/v7-m/nofp\libgcc.a(_arm_cmpdf2.o)
                0x001084b4                __gtdf2
                0x001084b4                __gedf2
                0x001084bc                __ltdf2
                0x001084bc                __ledf2
                0x001084c4                __nedf2
                0x001084c4                __eqdf2
                0x001084c4                __cmpdf2
                0x00108540                __aeabi_cdrcmple
                0x00108550                __aeabi_cdcmpeq
                0x00108550                __aeabi_cdcmple
                0x00108560                __aeabi_dcmpeq
                0x00108574                __aeabi_dcmplt
                0x00108588                __aeabi_dcmple
                0x0010859c                __aeabi_dcmpge
                0x001085b0                __aeabi_dcmpgt
 .text          0x001085c4       0x2c c:/program files (x86)/on semiconductor/ide_v3.2.2.13/arm_tools/bin/../lib/gcc/arm-none-eabi/8.3.1/thumb/v7-m/nofp\libgcc.a(_arm_unorddf2.o)
                0x001085c4                __unorddf2
                0x001085c4                __aeabi_dcmpun
 .text          0x001085f0       0x50 c:/program files (x86)/on semiconductor/ide_v3.2.2.13/arm_tools/bin/../lib/gcc/arm-none-eabi/8.3.1/thumb/v7-m/nofp\libgcc.a(_arm_fixdfsi.o)
                0x001085f0                __aeabi_d2iz
                0x001085f0                __fixdfsi
 .text          0x00108640      0x21c c:/program files (x86)/on semiconductor/ide_v3.2.2.13/arm_tools/bin/../lib/gcc/arm-none-eabi/8.3.1/thumb/v7-m/nofp\libgcc.a(_arm_addsubsf3.o)
                0x00108640                __aeabi_frsub
                0x00108648                __subsf3
                0x00108648                __aeabi_fsub
                0x0010864c                __aeabi_fadd
                0x0010864c                __addsf3
                0x001087ac                __aeabi_ui2f
                0x001087ac                __floatunsisf
                0x001087b4                __aeabi_i2f
                0x001087b4                __floatsisf
                0x001087d0                __aeabi_ul2f
                0x001087d0                __floatundisf
                0x001087e0                __aeabi_l2f
                0x001087e0                __floatdisf
 .text          0x0010885c      0x2a0 c:/program files (x86)/on semiconductor/ide_v3.2.2.13/arm_tools/bin/../lib/gcc/arm-none-eabi/8.3.1/thumb/v7-m/nofp\libgcc.a(_arm_muldivsf3.o)
                0x0010885c                __mulsf3
                0x0010885c                __aeabi_fmul
                0x001089c4                __aeabi_fdiv
                0x001089c4                __divsf3
 .text          0x00108afc       0xec c:/program files (x86)/on semiconductor/ide_v3.2.2.13/arm_tools/bin/../lib/gcc/arm-none-eabi/8.3.1/thumb/v7-m/nofp\libgcc.a(_arm_cmpsf2.o)
                0x00108afc                __gesf2
                0x00108afc                __gtsf2
                0x00108b04                __lesf2
                0x00108b04                __ltsf2
                0x00108b0c                __nesf2
                0x00108b0c                __eqsf2
                0x00108b0c                __cmpsf2
                0x00108b6c                __aeabi_cfrcmple
                0x00108b74                __aeabi_cfcmpeq
                0x00108b74                __aeabi_cfcmple
                0x00108b84                __aeabi_fcmpeq
                0x00108b98                __aeabi_fcmplt
                0x00108bac                __aeabi_fcmple
                0x00108bc0                __aeabi_fcmpge
                0x00108bd4                __aeabi_fcmpgt
 .text.__errno  0x00108be8        0xc c:/program files (x86)/on semiconductor/ide_v3.2.2.13/arm_tools/bin/../lib/gcc/arm-none-eabi/8.3.1/../../../../arm-none-eabi/lib/thumb/v7-m/nofp\libg_nano.a(lib_a-errno.o)
                0x00108be8                __errno
 .text.fprintf  0x00108bf4       0x24 c:/program files (x86)/on semiconductor/ide_v3.2.2.13/arm_tools/bin/../lib/gcc/arm-none-eabi/8.3.1/../../../../arm-none-eabi/lib/thumb/v7-m/nofp\libg_nano.a(lib_a-fprintf.o)
                0x00108bf4                fiprintf
                0x00108bf4                fprintf
 .text.malloc   0x00108c18       0x10 c:/program files (x86)/on semiconductor/ide_v3.2.2.13/arm_tools/bin/../lib/gcc/arm-none-eabi/8.3.1/../../../../arm-none-eabi/lib/thumb/v7-m/nofp\libg_nano.a(lib_a-malloc.o)
                0x00108c18                malloc
 .text.free     0x00108c28       0x10 c:/program files (x86)/on semiconductor/ide_v3.2.2.13/arm_tools/bin/../lib/gcc/arm-none-eabi/8.3.1/../../../../arm-none-eabi/lib/thumb/v7-m/nofp\libg_nano.a(lib_a-malloc.o)
                0x00108c28                free
 .text.memcpy   0x00108c38       0x1c c:/program files (x86)/on semiconductor/ide_v3.2.2.13/arm_tools/bin/../lib/gcc/arm-none-eabi/8.3.1/../../../../arm-none-eabi/lib/thumb/v7-m/nofp\libg_nano.a(lib_a-memcpy-stub.o)
                0x00108c38                memcpy
 .text.memset   0x00108c54       0x10 c:/program files (x86)/on semiconductor/ide_v3.2.2.13/arm_tools/bin/../lib/gcc/arm-none-eabi/8.3.1/../../../../arm-none-eabi/lib/thumb/v7-m/nofp\libg_nano.a(lib_a-memset.o)
                0x00108c54                memset
 .text._free_r  0x00108c64       0x98 c:/program files (x86)/on semiconductor/ide_v3.2.2.13/arm_tools/bin/../lib/gcc/arm-none-eabi/8.3.1/../../../../arm-none-eabi/lib/thumb/v7-m/nofp\libg_nano.a(lib_a-nano-freer.o)
                0x00108c64                _free_r
 .text._malloc_r
                0x00108cfc       0xb4 c:/program files (x86)/on semiconductor/ide_v3.2.2.13/arm_tools/bin/../lib/gcc/arm-none-eabi/8.3.1/../../../../arm-none-eabi/lib/thumb/v7-m/nofp\libg_nano.a(lib_a-nano-mallocr.o)
                0x00108cfc                _malloc_r
 .text.__sfputc_r
                0x00108db0       0x2a c:/program files (x86)/on semiconductor/ide_v3.2.2.13/arm_tools/bin/../lib/gcc/arm-none-eabi/8.3.1/../../../../arm-none-eabi/lib/thumb/v7-m/nofp\libg_nano.a(lib_a-nano-vfprintf.o)
 .text.__sfputs_r
                0x00108dda       0x24 c:/program files (x86)/on semiconductor/ide_v3.2.2.13/arm_tools/bin/../lib/gcc/arm-none-eabi/8.3.1/../../../../arm-none-eabi/lib/thumb/v7-m/nofp\libg_nano.a(lib_a-nano-vfprintf.o)
                0x00108dda                __sfputs_r
 *fill*         0x00108dfe        0x2 
 .text._vfprintf_r
                0x00108e00      0x250 c:/program files (x86)/on semiconductor/ide_v3.2.2.13/arm_tools/bin/../lib/gcc/arm-none-eabi/8.3.1/../../../../arm-none-eabi/lib/thumb/v7-m/nofp\libg_nano.a(lib_a-nano-vfprintf.o)
                0x00108e00                _vfprintf_r
                0x00108e00                _vfiprintf_r
 .text.__cvt    0x00109050       0xba c:/program files (x86)/on semiconductor/ide_v3.2.2.13/arm_tools/bin/../lib/gcc/arm-none-eabi/8.3.1/../../../../arm-none-eabi/lib/thumb/v7-m/nofp\libg_nano.a(lib_a-nano-vfprintf_float.o)
                0x00109050                __cvt
 .text.__exponent
                0x0010910a       0x66 c:/program files (x86)/on semiconductor/ide_v3.2.2.13/arm_tools/bin/../lib/gcc/arm-none-eabi/8.3.1/../../../../arm-none-eabi/lib/thumb/v7-m/nofp\libg_nano.a(lib_a-nano-vfprintf_float.o)
                0x0010910a                __exponent
 .text._printf_float
                0x00109170      0x43c c:/program files (x86)/on semiconductor/ide_v3.2.2.13/arm_tools/bin/../lib/gcc/arm-none-eabi/8.3.1/../../../../arm-none-eabi/lib/thumb/v7-m/nofp\libg_nano.a(lib_a-nano-vfprintf_float.o)
                0x00109170                _printf_float
 .text._printf_common
                0x001095ac       0xec c:/program files (x86)/on semiconductor/ide_v3.2.2.13/arm_tools/bin/../lib/gcc/arm-none-eabi/8.3.1/../../../../arm-none-eabi/lib/thumb/v7-m/nofp\libg_nano.a(lib_a-nano-vfprintf_i.o)
                0x001095ac                _printf_common
 .text._printf_i
                0x00109698      0x22c c:/program files (x86)/on semiconductor/ide_v3.2.2.13/arm_tools/bin/../lib/gcc/arm-none-eabi/8.3.1/../../../../arm-none-eabi/lib/thumb/v7-m/nofp\libg_nano.a(lib_a-nano-vfprintf_i.o)
                0x00109698                _printf_i
 .text.printf   0x001098c4       0x30 c:/program files (x86)/on semiconductor/ide_v3.2.2.13/arm_tools/bin/../lib/gcc/arm-none-eabi/8.3.1/../../../../arm-none-eabi/lib/thumb/v7-m/nofp\libg_nano.a(lib_a-printf.o)
                0x001098c4                iprintf
                0x001098c4                printf
 .text._puts_r  0x001098f4       0xdc c:/program files (x86)/on semiconductor/ide_v3.2.2.13/arm_tools/bin/../lib/gcc/arm-none-eabi/8.3.1/../../../../arm-none-eabi/lib/thumb/v7-m/nofp\libg_nano.a(lib_a-puts.o)
                0x001098f4                _puts_r
 .text.puts     0x001099d0       0x10 c:/program files (x86)/on semiconductor/ide_v3.2.2.13/arm_tools/bin/../lib/gcc/arm-none-eabi/8.3.1/../../../../arm-none-eabi/lib/thumb/v7-m/nofp\libg_nano.a(lib_a-puts.o)
                0x001099d0                puts
 .text.srand    0x001099e0       0x48 c:/program files (x86)/on semiconductor/ide_v3.2.2.13/arm_tools/bin/../lib/gcc/arm-none-eabi/8.3.1/../../../../arm-none-eabi/lib/thumb/v7-m/nofp\libg_nano.a(lib_a-rand.o)
                0x001099e0                srand
 .text.rand     0x00109a28       0x68 c:/program files (x86)/on semiconductor/ide_v3.2.2.13/arm_tools/bin/../lib/gcc/arm-none-eabi/8.3.1/../../../../arm-none-eabi/lib/thumb/v7-m/nofp\libg_nano.a(lib_a-rand.o)
                0x00109a28                rand
 .text._sbrk_r  0x00109a90       0x20 c:/program files (x86)/on semiconductor/ide_v3.2.2.13/arm_tools/bin/../lib/gcc/arm-none-eabi/8.3.1/../../../../arm-none-eabi/lib/thumb/v7-m/nofp\libg_nano.a(lib_a-sbrkr.o)
                0x00109a90                _sbrk_r
 .text.strcpy   0x00109ab0       0x10 c:/program files (x86)/on semiconductor/ide_v3.2.2.13/arm_tools/bin/../lib/gcc/arm-none-eabi/8.3.1/../../../../arm-none-eabi/lib/thumb/v7-m/nofp\libg_nano.a(lib_a-strcpy.o)
                0x00109ab0                strcpy
 .text          0x00109ac0       0x10 c:/program files (x86)/on semiconductor/ide_v3.2.2.13/arm_tools/bin/../lib/gcc/arm-none-eabi/8.3.1/../../../../arm-none-eabi/lib/thumb/v7-m/nofp\libg_nano.a(lib_a-strlen.o)
                0x00109ac0                strlen
 .text.__swbuf_r
                0x00109ad0       0xa4 c:/program files (x86)/on semiconductor/ide_v3.2.2.13/arm_tools/bin/../lib/gcc/arm-none-eabi/8.3.1/../../../../arm-none-eabi/lib/thumb/v7-m/nofp\libg_nano.a(lib_a-wbuf.o)
                0x00109ad0                __swbuf_r
 .text.__swsetup_r
                0x00109b74       0xdc c:/program files (x86)/on semiconductor/ide_v3.2.2.13/arm_tools/bin/../lib/gcc/arm-none-eabi/8.3.1/../../../../arm-none-eabi/lib/thumb/v7-m/nofp\libg_nano.a(lib_a-wsetup.o)
                0x00109b74                __swsetup_r
 .text.quorem   0x00109c50      0x118 c:/program files (x86)/on semiconductor/ide_v3.2.2.13/arm_tools/bin/../lib/gcc/arm-none-eabi/8.3.1/../../../../arm-none-eabi/lib/thumb/v7-m/nofp\libg_nano.a(lib_a-dtoa.o)
 .text._dtoa_r  0x00109d68      0xb60 c:/program files (x86)/on semiconductor/ide_v3.2.2.13/arm_tools/bin/../lib/gcc/arm-none-eabi/8.3.1/../../../../arm-none-eabi/lib/thumb/v7-m/nofp\libg_nano.a(lib_a-dtoa.o)
                0x00109d68                _dtoa_r
 .text.__sflush_r
                0x0010a8c8      0x10c c:/program files (x86)/on semiconductor/ide_v3.2.2.13/arm_tools/bin/../lib/gcc/arm-none-eabi/8.3.1/../../../../arm-none-eabi/lib/thumb/v7-m/nofp\libg_nano.a(lib_a-fflush.o)
                0x0010a8c8                __sflush_r
 .text._fflush_r
                0x0010a9d4       0x78 c:/program files (x86)/on semiconductor/ide_v3.2.2.13/arm_tools/bin/../lib/gcc/arm-none-eabi/8.3.1/../../../../arm-none-eabi/lib/thumb/v7-m/nofp\libg_nano.a(lib_a-fflush.o)
                0x0010a9d4                _fflush_r
 .text.std      0x0010aa4c       0x48 c:/program files (x86)/on semiconductor/ide_v3.2.2.13/arm_tools/bin/../lib/gcc/arm-none-eabi/8.3.1/../../../../arm-none-eabi/lib/thumb/v7-m/nofp\libg_nano.a(lib_a-findfp.o)
 .text._cleanup_r
                0x0010aa94        0xc c:/program files (x86)/on semiconductor/ide_v3.2.2.13/arm_tools/bin/../lib/gcc/arm-none-eabi/8.3.1/../../../../arm-none-eabi/lib/thumb/v7-m/nofp\libg_nano.a(lib_a-findfp.o)
                0x0010aa94                _cleanup_r
 .text.__sfmoreglue
                0x0010aaa0       0x2c c:/program files (x86)/on semiconductor/ide_v3.2.2.13/arm_tools/bin/../lib/gcc/arm-none-eabi/8.3.1/../../../../arm-none-eabi/lib/thumb/v7-m/nofp\libg_nano.a(lib_a-findfp.o)
                0x0010aaa0                __sfmoreglue
 .text.__sfp_lock_acquire
                0x0010aacc        0xc c:/program files (x86)/on semiconductor/ide_v3.2.2.13/arm_tools/bin/../lib/gcc/arm-none-eabi/8.3.1/../../../../arm-none-eabi/lib/thumb/v7-m/nofp\libg_nano.a(lib_a-findfp.o)
                0x0010aacc                __sfp_lock_acquire
 .text.__sfp_lock_release
                0x0010aad8        0xc c:/program files (x86)/on semiconductor/ide_v3.2.2.13/arm_tools/bin/../lib/gcc/arm-none-eabi/8.3.1/../../../../arm-none-eabi/lib/thumb/v7-m/nofp\libg_nano.a(lib_a-findfp.o)
                0x0010aad8                __sfp_lock_release
 .text.__sinit_lock_acquire
                0x0010aae4        0xc c:/program files (x86)/on semiconductor/ide_v3.2.2.13/arm_tools/bin/../lib/gcc/arm-none-eabi/8.3.1/../../../../arm-none-eabi/lib/thumb/v7-m/nofp\libg_nano.a(lib_a-findfp.o)
                0x0010aae4                __sinit_lock_acquire
 .text.__sinit_lock_release
                0x0010aaf0        0xc c:/program files (x86)/on semiconductor/ide_v3.2.2.13/arm_tools/bin/../lib/gcc/arm-none-eabi/8.3.1/../../../../arm-none-eabi/lib/thumb/v7-m/nofp\libg_nano.a(lib_a-findfp.o)
                0x0010aaf0                __sinit_lock_release
 .text.__sinit  0x0010aafc       0x70 c:/program files (x86)/on semiconductor/ide_v3.2.2.13/arm_tools/bin/../lib/gcc/arm-none-eabi/8.3.1/../../../../arm-none-eabi/lib/thumb/v7-m/nofp\libg_nano.a(lib_a-findfp.o)
                0x0010aafc                __sinit
 .text.__sfp    0x0010ab6c       0x8c c:/program files (x86)/on semiconductor/ide_v3.2.2.13/arm_tools/bin/../lib/gcc/arm-none-eabi/8.3.1/../../../../arm-none-eabi/lib/thumb/v7-m/nofp\libg_nano.a(lib_a-findfp.o)
                0x0010ab6c                __sfp
 .text._fwalk_reent
                0x0010abf8       0x3c c:/program files (x86)/on semiconductor/ide_v3.2.2.13/arm_tools/bin/../lib/gcc/arm-none-eabi/8.3.1/../../../../arm-none-eabi/lib/thumb/v7-m/nofp\libg_nano.a(lib_a-fwalk.o)
                0x0010abf8                _fwalk_reent
 .text._localeconv_r
                0x0010ac34        0x8 c:/program files (x86)/on semiconductor/ide_v3.2.2.13/arm_tools/bin/../lib/gcc/arm-none-eabi/8.3.1/../../../../arm-none-eabi/lib/thumb/v7-m/nofp\libg_nano.a(lib_a-localeconv.o)
                0x0010ac34                _localeconv_r
 .text.__retarget_lock_init_recursive
                0x0010ac3c        0x2 c:/program files (x86)/on semiconductor/ide_v3.2.2.13/arm_tools/bin/../lib/gcc/arm-none-eabi/8.3.1/../../../../arm-none-eabi/lib/thumb/v7-m/nofp\libg_nano.a(lib_a-lock.o)
                0x0010ac3c                __retarget_lock_init_recursive
 .text.__retarget_lock_acquire_recursive
                0x0010ac3e        0x2 c:/program files (x86)/on semiconductor/ide_v3.2.2.13/arm_tools/bin/../lib/gcc/arm-none-eabi/8.3.1/../../../../arm-none-eabi/lib/thumb/v7-m/nofp\libg_nano.a(lib_a-lock.o)
                0x0010ac3e                __retarget_lock_acquire_recursive
 .text.__retarget_lock_release_recursive
                0x0010ac40        0x2 c:/program files (x86)/on semiconductor/ide_v3.2.2.13/arm_tools/bin/../lib/gcc/arm-none-eabi/8.3.1/../../../../arm-none-eabi/lib/thumb/v7-m/nofp\libg_nano.a(lib_a-lock.o)
                0x0010ac40                __retarget_lock_release_recursive
 .text.__swhatbuf_r
                0x0010ac42       0x48 c:/program files (x86)/on semiconductor/ide_v3.2.2.13/arm_tools/bin/../lib/gcc/arm-none-eabi/8.3.1/../../../../arm-none-eabi/lib/thumb/v7-m/nofp\libg_nano.a(lib_a-makebuf.o)
                0x0010ac42                __swhatbuf_r
 *fill*         0x0010ac8a        0x2 
 .text.__smakebuf_r
                0x0010ac8c       0x80 c:/program files (x86)/on semiconductor/ide_v3.2.2.13/arm_tools/bin/../lib/gcc/arm-none-eabi/8.3.1/../../../../arm-none-eabi/lib/thumb/v7-m/nofp\libg_nano.a(lib_a-makebuf.o)
                0x0010ac8c                __smakebuf_r
 .text.memchr   0x0010ad0c       0x1c c:/program files (x86)/on semiconductor/ide_v3.2.2.13/arm_tools/bin/../lib/gcc/arm-none-eabi/8.3.1/../../../../arm-none-eabi/lib/thumb/v7-m/nofp\libg_nano.a(lib_a-memchr-stub.o)
                0x0010ad0c                memchr
 .text.__malloc_lock
                0x0010ad28        0xc c:/program files (x86)/on semiconductor/ide_v3.2.2.13/arm_tools/bin/../lib/gcc/arm-none-eabi/8.3.1/../../../../arm-none-eabi/lib/thumb/v7-m/nofp\libg_nano.a(lib_a-mlock.o)
                0x0010ad28                __malloc_lock
 .text.__malloc_unlock
                0x0010ad34        0xc c:/program files (x86)/on semiconductor/ide_v3.2.2.13/arm_tools/bin/../lib/gcc/arm-none-eabi/8.3.1/../../../../arm-none-eabi/lib/thumb/v7-m/nofp\libg_nano.a(lib_a-mlock.o)
                0x0010ad34                __malloc_unlock
 .text._Balloc  0x0010ad40       0x68 c:/program files (x86)/on semiconductor/ide_v3.2.2.13/arm_tools/bin/../lib/gcc/arm-none-eabi/8.3.1/../../../../arm-none-eabi/lib/thumb/v7-m/nofp\libg_nano.a(lib_a-mprec.o)
                0x0010ad40                _Balloc
 .text._Bfree   0x0010ada8       0x2e c:/program files (x86)/on semiconductor/ide_v3.2.2.13/arm_tools/bin/../lib/gcc/arm-none-eabi/8.3.1/../../../../arm-none-eabi/lib/thumb/v7-m/nofp\libg_nano.a(lib_a-mprec.o)
                0x0010ada8                _Bfree
 .text.__multadd
                0x0010add6       0x76 c:/program files (x86)/on semiconductor/ide_v3.2.2.13/arm_tools/bin/../lib/gcc/arm-none-eabi/8.3.1/../../../../arm-none-eabi/lib/thumb/v7-m/nofp\libg_nano.a(lib_a-mprec.o)
                0x0010add6                __multadd
 .text.__hi0bits
                0x0010ae4c       0x40 c:/program files (x86)/on semiconductor/ide_v3.2.2.13/arm_tools/bin/../lib/gcc/arm-none-eabi/8.3.1/../../../../arm-none-eabi/lib/thumb/v7-m/nofp\libg_nano.a(lib_a-mprec.o)
                0x0010ae4c                __hi0bits
 .text.__lo0bits
                0x0010ae8c       0x60 c:/program files (x86)/on semiconductor/ide_v3.2.2.13/arm_tools/bin/../lib/gcc/arm-none-eabi/8.3.1/../../../../arm-none-eabi/lib/thumb/v7-m/nofp\libg_nano.a(lib_a-mprec.o)
                0x0010ae8c                __lo0bits
 .text.__i2b    0x0010aeec       0x12 c:/program files (x86)/on semiconductor/ide_v3.2.2.13/arm_tools/bin/../lib/gcc/arm-none-eabi/8.3.1/../../../../arm-none-eabi/lib/thumb/v7-m/nofp\libg_nano.a(lib_a-mprec.o)
                0x0010aeec                __i2b
 .text.__multiply
                0x0010aefe      0x11e c:/program files (x86)/on semiconductor/ide_v3.2.2.13/arm_tools/bin/../lib/gcc/arm-none-eabi/8.3.1/../../../../arm-none-eabi/lib/thumb/v7-m/nofp\libg_nano.a(lib_a-mprec.o)
                0x0010aefe                __multiply
 .text.__pow5mult
                0x0010b01c       0x9c c:/program files (x86)/on semiconductor/ide_v3.2.2.13/arm_tools/bin/../lib/gcc/arm-none-eabi/8.3.1/../../../../arm-none-eabi/lib/thumb/v7-m/nofp\libg_nano.a(lib_a-mprec.o)
                0x0010b01c                __pow5mult
 .text.__lshift
                0x0010b0b8       0xa6 c:/program files (x86)/on semiconductor/ide_v3.2.2.13/arm_tools/bin/../lib/gcc/arm-none-eabi/8.3.1/../../../../arm-none-eabi/lib/thumb/v7-m/nofp\libg_nano.a(lib_a-mprec.o)
                0x0010b0b8                __lshift
 .text.__mcmp   0x0010b15e       0x34 c:/program files (x86)/on semiconductor/ide_v3.2.2.13/arm_tools/bin/../lib/gcc/arm-none-eabi/8.3.1/../../../../arm-none-eabi/lib/thumb/v7-m/nofp\libg_nano.a(lib_a-mprec.o)
                0x0010b15e                __mcmp
 .text.__mdiff  0x0010b192       0xbc c:/program files (x86)/on semiconductor/ide_v3.2.2.13/arm_tools/bin/../lib/gcc/arm-none-eabi/8.3.1/../../../../arm-none-eabi/lib/thumb/v7-m/nofp\libg_nano.a(lib_a-mprec.o)
                0x0010b192                __mdiff
 .text.__d2b    0x0010b24e       0x9c c:/program files (x86)/on semiconductor/ide_v3.2.2.13/arm_tools/bin/../lib/gcc/arm-none-eabi/8.3.1/../../../../arm-none-eabi/lib/thumb/v7-m/nofp\libg_nano.a(lib_a-mprec.o)
                0x0010b24e                __d2b
 .text._calloc_r
                0x0010b2ea       0x1c c:/program files (x86)/on semiconductor/ide_v3.2.2.13/arm_tools/bin/../lib/gcc/arm-none-eabi/8.3.1/../../../../arm-none-eabi/lib/thumb/v7-m/nofp\libg_nano.a(lib_a-nano-callocr.o)
                0x0010b2ea                _calloc_r
 .text.__sread  0x0010b306       0x22 c:/program files (x86)/on semiconductor/ide_v3.2.2.13/arm_tools/bin/../lib/gcc/arm-none-eabi/8.3.1/../../../../arm-none-eabi/lib/thumb/v7-m/nofp\libg_nano.a(lib_a-stdio.o)
                0x0010b306                __sread
 .text.__swrite
                0x0010b328       0x38 c:/program files (x86)/on semiconductor/ide_v3.2.2.13/arm_tools/bin/../lib/gcc/arm-none-eabi/8.3.1/../../../../arm-none-eabi/lib/thumb/v7-m/nofp\libg_nano.a(lib_a-stdio.o)
                0x0010b328                __swrite
 .text.__sseek  0x0010b360       0x24 c:/program files (x86)/on semiconductor/ide_v3.2.2.13/arm_tools/bin/../lib/gcc/arm-none-eabi/8.3.1/../../../../arm-none-eabi/lib/thumb/v7-m/nofp\libg_nano.a(lib_a-stdio.o)
                0x0010b360                __sseek
 .text.__sclose
                0x0010b384        0x8 c:/program files (x86)/on semiconductor/ide_v3.2.2.13/arm_tools/bin/../lib/gcc/arm-none-eabi/8.3.1/../../../../arm-none-eabi/lib/thumb/v7-m/nofp\libg_nano.a(lib_a-stdio.o)
                0x0010b384                __sclose
 .text._close_r
                0x0010b38c       0x20 c:/program files (x86)/on semiconductor/ide_v3.2.2.13/arm_tools/bin/../lib/gcc/arm-none-eabi/8.3.1/../../../../arm-none-eabi/lib/thumb/v7-m/nofp\libg_nano.a(lib_a-closer.o)
                0x0010b38c                _close_r
 .text._fstat_r
                0x0010b3ac       0x24 c:/program files (x86)/on semiconductor/ide_v3.2.2.13/arm_tools/bin/../lib/gcc/arm-none-eabi/8.3.1/../../../../arm-none-eabi/lib/thumb/v7-m/nofp\libg_nano.a(lib_a-fstatr.o)
                0x0010b3ac                _fstat_r
 .text._isatty_r
                0x0010b3d0       0x20 c:/program files (x86)/on semiconductor/ide_v3.2.2.13/arm_tools/bin/../lib/gcc/arm-none-eabi/8.3.1/../../../../arm-none-eabi/lib/thumb/v7-m/nofp\libg_nano.a(lib_a-isattyr.o)
                0x0010b3d0                _isatty_r
 .text._lseek_r
                0x0010b3f0       0x24 c:/program files (x86)/on semiconductor/ide_v3.2.2.13/arm_tools/bin/../lib/gcc/arm-none-eabi/8.3.1/../../../../arm-none-eabi/lib/thumb/v7-m/nofp\libg_nano.a(lib_a-lseekr.o)
                0x0010b3f0                _lseek_r
 .text.__ascii_mbtowc
                0x0010b414       0x24 c:/program files (x86)/on semiconductor/ide_v3.2.2.13/arm_tools/bin/../lib/gcc/arm-none-eabi/8.3.1/../../../../arm-none-eabi/lib/thumb/v7-m/nofp\libg_nano.a(lib_a-mbtowc_r.o)
                0x0010b414                __ascii_mbtowc
 .text._read_r  0x0010b438       0x24 c:/program files (x86)/on semiconductor/ide_v3.2.2.13/arm_tools/bin/../lib/gcc/arm-none-eabi/8.3.1/../../../../arm-none-eabi/lib/thumb/v7-m/nofp\libg_nano.a(lib_a-readr.o)
                0x0010b438                _read_r
 .text.__ascii_wctomb
                0x0010b45c       0x1a c:/program files (x86)/on semiconductor/ide_v3.2.2.13/arm_tools/bin/../lib/gcc/arm-none-eabi/8.3.1/../../../../arm-none-eabi/lib/thumb/v7-m/nofp\libg_nano.a(lib_a-wctomb_r.o)
                0x0010b45c                __ascii_wctomb
 *fill*         0x0010b476        0x2 
 .text._close   0x0010b478       0x10 c:/program files (x86)/on semiconductor/ide_v3.2.2.13/arm_tools/bin/../lib/gcc/arm-none-eabi/8.3.1/../../../../arm-none-eabi/lib/thumb/v7-m/nofp\libnosys.a(close.o)
                0x0010b478                _close
 .text._fstat   0x0010b488       0x10 c:/program files (x86)/on semiconductor/ide_v3.2.2.13/arm_tools/bin/../lib/gcc/arm-none-eabi/8.3.1/../../../../arm-none-eabi/lib/thumb/v7-m/nofp\libnosys.a(fstat.o)
                0x0010b488                _fstat
 .text._isatty  0x0010b498       0x10 c:/program files (x86)/on semiconductor/ide_v3.2.2.13/arm_tools/bin/../lib/gcc/arm-none-eabi/8.3.1/../../../../arm-none-eabi/lib/thumb/v7-m/nofp\libnosys.a(isatty.o)
                0x0010b498                _isatty
 .text._lseek   0x0010b4a8       0x10 c:/program files (x86)/on semiconductor/ide_v3.2.2.13/arm_tools/bin/../lib/gcc/arm-none-eabi/8.3.1/../../../../arm-none-eabi/lib/thumb/v7-m/nofp\libnosys.a(lseek.o)
                0x0010b4a8                _lseek
 *(.rodata .rodata.*)
 .rodata.la_vector_cb.str1.1
                0x0010b4b8       0xa2 ./src/main.o
 .rodata.main.str1.1
                0x0010b55a       0x84 ./src/main.o
 .rodata.BDK_TaskAddMsgHandler.str1.1
                0x0010b5de       0xde ./RTE/Device/RSL10/BDK_Task.o
 .rodata.BDK_TaskStart.str1.1